Component: ARM Compiler 5.05 update 1 (build 106) Tool: armlink [4d0efa]

==============================================================================

Section Cross References

    main.o(i.Error_Handler) refers to printf5.o(i.__0printf$5) for __2printf
    main.o(i.SystemClock_Config) refers to memseta.o(.text) for __aeabi_memclr4
    main.o(i.SystemClock_Config) refers to cs32l010_hal_rcc.o(i.HAL_RCC_OscConfig) for HAL_RCC_OscConfig
    main.o(i.SystemClock_Config) refers to main.o(i.Error_Handler) for Error_Handler
    main.o(i.SystemClock_Config) refers to cs32l010_hal_rcc.o(i.HAL_RCC_ClockConfig) for HAL_RCC_ClockConfig
    main.o(i.main) refers to cs32l010_hal.o(i.HAL_Init) for HAL_Init
    main.o(i.main) refers to main.o(i.SystemClock_Config) for SystemClock_Config
    main.o(i.main) refers to reg.o(i.initRegBuf) for initRegBuf
    main.o(i.main) refers to l76k.o(i.init_l76k_gpio) for init_l76k_gpio
    main.o(i.main) refers to timer.o(i.uartAnalysisTimerInit) for uartAnalysisTimerInit
    main.o(i.main) refers to i2cslave.o(i.I2C_Init) for I2C_Init
    main.o(i.main) refers to dfrobot_softeriic.o(i.Soft_IIC_Init) for Soft_IIC_Init
    main.o(i.main) refers to sd3031.o(i.sd3031Init) for sd3031Init
    main.o(i.main) refers to uart.o(i.initUart0ForCS32) for initUart0ForCS32
    main.o(i.main) refers to uart.o(i.initUart1ForL76K) for initUart1ForL76K
    main.o(i.main) refers to cs32l010_hal.o(i.HAL_Delay) for HAL_Delay
    main.o(i.main) refers to l76k.o(i.set_uart_baud) for set_uart_baud
    main.o(i.main) refers to main.o(i.userSetHandle) for userSetHandle
    main.o(i.main) refers to idiv.o(.text) for __aeabi_idivmod
    main.o(i.main) refers to uart.o(i.annysis_uart0_command) for annysis_uart0_command
    main.o(i.main) refers to l76k.o(i.anaysis_gps_data) for anaysis_gps_data
    main.o(i.main) refers to reg.o(.bss) for regBuf
    main.o(i.main) refers to i2cslave.o(.data) for userSetFlag
    main.o(i.main) refers to timer.o(.data) for minTimerFlag
    main.o(i.main) refers to uart.o(.data) for cs32RxCount
    main.o(i.main) refers to uart.o(.bss) for l76kUart1Buffer
    main.o(i.userSetHandle) refers to printf5.o(i.__0printf$5) for __2printf
    main.o(i.userSetHandle) refers to l76k.o(i.hex_to_ascll_str) for hex_to_ascll_str
    main.o(i.userSetHandle) refers to l76k.o(i.set_star_type) for set_star_type
    main.o(i.userSetHandle) refers to l76k.o(i.enable_gnss_power) for enable_gnss_power
    main.o(i.userSetHandle) refers to l76k.o(i.disable_gnss_power) for disable_gnss_power
    main.o(i.userSetHandle) refers to sd3031.o(i.SD3031readReg) for SD3031readReg
    main.o(i.userSetHandle) refers to sd3031.o(i.SD3031writeReg) for SD3031writeReg
    main.o(i.userSetHandle) refers to l76k.o(.data) for gps_offset
    main.o(i.userSetHandle) refers to reg.o(.bss) for regBuf
    main.o(i.userSetHandle) refers to timer.o(.data) for secTimerFlag
    cs32l010_it.o(i.I2C_IRQHandler) refers to cs32l010_hal_i2c.o(i.HAL_I2C_IRQHandler) for HAL_I2C_IRQHandler
    cs32l010_it.o(i.I2C_IRQHandler) refers to i2cslave.o(.bss) for i2cSlaveHandle
    cs32l010_it.o(i.SysTick_Handler) refers to cs32l010_hal.o(i.HAL_IncTick) for HAL_IncTick
    cs32l010_it.o(i.TIM11_IRQHandler) refers to cs32l010_hal_basetim.o(i.HAL_BASETIM_IRQHandler) for HAL_BASETIM_IRQHandler
    cs32l010_it.o(i.TIM11_IRQHandler) refers to timer.o(.bss) for sBaseTimHandle
    cs32l010_it.o(i.UART0_IRQHandler) refers to cs32l010_hal_uart.o(i.HAL_UART_IRQHandler) for HAL_UART_IRQHandler
    cs32l010_it.o(i.UART0_IRQHandler) refers to uart.o(.bss) for huart0
    cs32l010_it.o(i.UART1_IRQHandler) refers to cs32l010_hal_uart.o(i.HAL_UART_IRQHandler) for HAL_UART_IRQHandler
    cs32l010_it.o(i.UART1_IRQHandler) refers to uart.o(.bss) for huart1
    dfrobot_softeriic.o(i.Soft_IIC_Ack) refers to cs32l010_hal_gpio.o(i.HAL_GPIO_WritePin) for HAL_GPIO_WritePin
    dfrobot_softeriic.o(i.Soft_IIC_Ack) refers to dfrobot_softeriic.o(i.SOFT_SDA_OUT) for SOFT_SDA_OUT
    dfrobot_softeriic.o(i.Soft_IIC_Ack) refers to dfrobot_softeriic.o(i.Soft_IIC_Delay) for Soft_IIC_Delay
    dfrobot_softeriic.o(i.Soft_IIC_Init) refers to memseta.o(.text) for __aeabi_memclr4
    dfrobot_softeriic.o(i.Soft_IIC_Init) refers to cs32l010_hal_gpio.o(i.HAL_GPIO_Init) for HAL_GPIO_Init
    dfrobot_softeriic.o(i.Soft_IIC_Init) refers to dfrobot_softeriic.o(i.SOFT_SDA_OUT) for SOFT_SDA_OUT
    dfrobot_softeriic.o(i.Soft_IIC_Init) refers to dfrobot_softeriic.o(i.SOFT_SCL_OUT) for SOFT_SCL_OUT
    dfrobot_softeriic.o(i.Soft_IIC_Init) refers to cs32l010_hal_gpio.o(i.HAL_GPIO_WritePin) for HAL_GPIO_WritePin
    dfrobot_softeriic.o(i.Soft_IIC_Init) refers to dfrobot_softeriic.o(.data) for _addr
    dfrobot_softeriic.o(i.Soft_IIC_NAck) refers to cs32l010_hal_gpio.o(i.HAL_GPIO_WritePin) for HAL_GPIO_WritePin
    dfrobot_softeriic.o(i.Soft_IIC_NAck) refers to dfrobot_softeriic.o(i.SOFT_SDA_OUT) for SOFT_SDA_OUT
[...]
    ../clib/microlib/printf/printf.c         0x00000000   Number         0  printf5.o ABSOLUTE
    ../clib/microlib/printf/printf.c         0x00000000   Number         0  printf4.o ABSOLUTE
    ../clib/microlib/printf/printf.c         0x00000000   Number         0  printf3.o ABSOLUTE
    ../clib/microlib/printf/printf.c         0x00000000   Number         0  printf2.o ABSOLUTE
    ../clib/microlib/printf/printf.c         0x00000000   Number         0  printf1.o ABSOLUTE
    ../clib/microlib/printf/printf.c         0x00000000   Number         0  printf0.o ABSOLUTE
    ../clib/microlib/printf/printf.c         0x00000000   Number         0  printfb.o ABSOLUTE
    ../clib/microlib/printf/stubs.s          0x00000000   Number         0  stubs.o ABSOLUTE
    ../clib/microlib/stdio/streams.c         0x00000000   Number         0  stdout.o ABSOLUTE
    ../clib/microlib/string/memcpy.c         0x00000000   Number         0  memcpyb.o ABSOLUTE
    ../clib/microlib/string/memcpy.c         0x00000000   Number         0  memcpya.o ABSOLUTE
    ../clib/microlib/string/memset.c         0x00000000   Number         0  memseta.o ABSOLUTE
    ../clib/microlib/string/strcmp.c         0x00000000   Number         0  strcmp.o ABSOLUTE
    ../clib/microlib/string/strlen.c         0x00000000   Number         0  strlen.o ABSOLUTE
    ../clib/microlib/string/strncmp.c        0x00000000   Number         0  strncmp.o ABSOLUTE
    ../clib/microlib/stubs.s                 0x00000000   Number         0  iusefp.o ABSOLUTE
    ../clib/scanf.c                          0x00000000   Number         0  atoi.o ABSOLUTE
    ../clib/scanf.c                          0x00000000   Number         0  scanf_fp.o ABSOLUTE
    ../clib/scanf.c                          0x00000000   Number         0  _sgetc.o ABSOLUTE
    ../clib/scanf.c                          0x00000000   Number         0  _strtoul.o ABSOLUTE
    ../clib/scanf.c                          0x00000000   Number         0  strtol.o ABSOLUTE
    ../clib/scanf.c                          0x00000000   Number         0  _chval.o ABSOLUTE
    ../clib/scanf.c                          0x00000000   Number         0  strtod.o ABSOLUTE
    ../fplib/microlib/d2f.c                  0x00000000   Number         0  d2f.o ABSOLUTE
    ../fplib/microlib/fpadd.c                0x00000000   Number         0  dadd.o ABSOLUTE
    ../fplib/microlib/fpdiv.c                0x00000000   Number         0  ddiv.o ABSOLUTE
    ../fplib/microlib/fpepilogue.c           0x00000000   Number         0  fepilogue.o ABSOLUTE
    ../fplib/microlib/fpepilogue.c           0x00000000   Number         0  depilogue.o ABSOLUTE
    ../fplib/microlib/fpfix.c                0x00000000   Number         0  dfixui.o ABSOLUTE
    ../fplib/microlib/fpfix.c                0x00000000   Number         0  dfixul.o ABSOLUTE
    ../fplib/microlib/fpflt.c                0x00000000   Number         0  dfltui.o ABSOLUTE
    ../fplib/microlib/fpflt.c                0x00000000   Number         0  dfltul.o ABSOLUTE
    ../fplib/microlib/fpmul.c                0x00000000   Number         0  dmul.o ABSOLUTE
    ../mathlib/atof.c                        0x00000000   Number         0  atof.o ABSOLUTE
    ..\Common\log.c                          0x00000000   Number         0  log.o ABSOLUTE
    ..\Src\DFRobot_SofterIIC.c               0x00000000   Number         0  dfrobot_softeriic.o ABSOLUTE
    ..\Src\L76K.c                            0x00000000   Number         0  l76k.o ABSOLUTE
    ..\Src\SD3031.c                          0x00000000   Number         0  sd3031.o ABSOLUTE
    ..\Src\cs32l010_hal_msp.c                0x00000000   Number         0  cs32l010_hal_msp.o ABSOLUTE
    ..\Src\cs32l010_it.c                     0x00000000   Number         0  cs32l010_it.o ABSOLUTE
    ..\Src\flash.c                           0x00000000   Number         0  flash.o ABSOLUTE
    ..\Src\i2cSlave.c                        0x00000000   Number         0  i2cslave.o ABSOLUTE
    ..\Src\main.c                            0x00000000   Number         0  main.o ABSOLUTE
    ..\Src\reg.c                             0x00000000   Number         0  reg.o ABSOLUTE
    ..\Src\timer.c                           0x00000000   Number         0  timer.o ABSOLUTE
    ..\Src\uart.c                            0x00000000   Number         0  uart.o ABSOLUTE
    ..\\Common\\log.c                        0x00000000   Number         0  log.o ABSOLUTE
    ..\\Src\\DFRobot_SofterIIC.c             0x00000000   Number         0  dfrobot_softeriic.o ABSOLUTE
    ..\\Src\\L76K.c                          0x00000000   Number         0  l76k.o ABSOLUTE
    ..\\Src\\SD3031.c                        0x00000000   Number         0  sd3031.o ABSOLUTE
    ..\\Src\\cs32l010_hal_msp.c              0x00000000   Number         0  cs32l010_hal_msp.o ABSOLUTE
    ..\\Src\\cs32l010_it.c                   0x00000000   Number         0  cs32l010_it.o ABSOLUTE
    ..\\Src\\flash.c                         0x00000000   Number         0  flash.o ABSOLUTE
    ..\\Src\\i2cSlave.c                      0x00000000   Number         0  i2cslave.o ABSOLUTE
    ..\\Src\\main.c                          0x00000000   Number         0  main.o ABSOLUTE
    ..\\Src\\reg.c                           0x00000000   Number         0  reg.o ABSOLUTE
    ..\\Src\\timer.c                         0x00000000   Number         0  timer.o ABSOLUTE
    ..\\Src\\uart.c                          0x00000000   Number         0  uart.o ABSOLUTE
    D:/Keil_v5/ARM/Pack/Chipsea/CS32L010_DFP/1.0.4/Device/HAL_Driver/src/cs32l010_hal.c 0x00000000   Number         0  cs32l010_hal.o ABSOLUTE
    D:/Keil_v5/ARM/Pack/Chipsea/CS32L010_DFP/1.0.4/Device/HAL_Driver/src/cs32l010_hal_adc.c 0x00000000   Number         0  cs32l010_hal_adc.o ABSOLUTE
    D:/Keil_v5/ARM/Pack/Chipsea/CS32L010_DFP/1.0.4/Device/HAL_Driver/src/cs32l010_hal_awk.c 0x00000000   Number         0  cs32l010_hal_awk.o ABSOLUTE
    D:/Keil_v5/ARM/Pack/Chipsea/CS32L010_DFP/1.0.4/Device/HAL_Driver/src/cs32l010_hal_basetim.c 0x00000000   Number         0  cs32l010_hal_basetim.o ABSOLUTE
    D:/Keil_v5/ARM/Pack/Chipsea/CS32L010_DFP/1.0.4/Device/HAL_Driver/src/cs32l010_hal_beep.c 0x00000000   Number         0  cs32l010_hal_beep.o ABSOLUTE
    D:/Keil_v5/ARM/Pack/Chipsea/CS32L010_DFP/1.0.4/Device/HAL_Driver/src/cs32l010_hal_clktrim.c 0x00000000   Number         0  cs32l010_hal_clktrim.o ABSOLUTE
    D:/Keil_v5/ARM/Pack/Chipsea/CS32L010_DFP/1.0.4/Device/HAL_Driver/src/cs32l010_hal_cortex.c 0x00000000   Number         0  cs32l010_hal_cortex.o ABSOLUTE
    D:/Keil_v5/ARM/Pack/Chipsea/CS32L010_DFP/1.0.4/Device/HAL_Driver/src/cs32l010_hal_crc.c 0x00000000   Number         0  cs32l010_hal_crc.o ABSOLUTE
    D:/Keil_v5/ARM/Pack/Chipsea/CS32L010_DFP/1.0.4/Device/HAL_Driver/src/cs32l010_hal_flash.c 0x00000000   Number         0  cs32l010_hal_flash.o ABSOLUTE
    D:/Keil_v5/ARM/Pack/Chipsea/CS32L010_DFP/1.0.4/Device/HAL_Driver/src/cs32l010_hal_gpio.c 0x00000000   Number         0  cs32l010_hal_gpio.o ABSOLUTE
    D:/Keil_v5/ARM/Pack/Chipsea/CS32L010_DFP/1.0.4/Device/HAL_Driver/src/cs32l010_hal_i2c.c 0x00000000   Number         0  cs32l010_hal_i2c.o ABSOLUTE
    D:/Keil_v5/ARM/Pack/Chipsea/CS32L010_DFP/1.0.4/Device/HAL_Driver/src/cs32l010_hal_iwdg.c 0x00000000   Number         0  cs32l010_hal_iwdg.o ABSOLUTE
    D:/Keil_v5/ARM/Pack/Chipsea/CS32L010_DFP/1.0.4/Device/HAL_Driver/src/cs32l010_hal_lptim.c 0x00000000   Number         0  cs32l010_hal_lptim.o ABSOLUTE
    D:/Keil_v5/ARM/Pack/Chipsea/CS32L010_DFP/1.0.4/Device/HAL_Driver/src/cs32l010_hal_lpuart.c 0x00000000   Number         0  cs32l010_hal_lpuart.o ABSOLUTE
    D:/Keil_v5/ARM/Pack/Chipsea/CS32L010_DFP/1.0.4/Device/HAL_Driver/src/cs32l010_hal_lvd.c 0x00000000   Number         0  cs32l010_hal_lvd.o ABSOLUTE
    D:/Keil_v5/ARM/Pack/Chipsea/CS32L010_DFP/1.0.4/Device/HAL_Driver/src/cs32l010_hal_owire.c 0x00000000   Number         0  cs32l010_hal_owire.o ABSOLUTE
    D:/Keil_v5/ARM/Pack/Chipsea/CS32L010_DFP/1.0.4/Device/HAL_Driver/src/cs32l010_hal_pca.c 0x00000000   Number         0  cs32l010_hal_pca.o ABSOLUTE
    D:/Keil_v5/ARM/Pack/Chipsea/CS32L010_DFP/1.0.4/Device/HAL_Driver/src/cs32l010_hal_pwr.c 0x00000000   Number         0  cs32l010_hal_pwr.o ABSOLUTE
    D:/Keil_v5/ARM/Pack/Chipsea/CS32L010_DFP/1.0.4/Device/HAL_Driver/src/cs32l010_hal_rcc.c 0x00000000   Number         0  cs32l010_hal_rcc.o ABSOLUTE
    D:/Keil_v5/ARM/Pack/Chipsea/CS32L010_DFP/1.0.4/Device/HAL_Driver/src/cs32l010_hal_rtc.c 0x00000000   Number         0  cs32l010_hal_rtc.o ABSOLUTE
    D:/Keil_v5/ARM/Pack/Chipsea/CS32L010_DFP/1.0.4/Device/HAL_Driver/src/cs32l010_hal_spi.c 0x00000000   Number         0  cs32l010_hal_spi.o ABSOLUTE
    D:/Keil_v5/ARM/Pack/Chipsea/CS32L010_DFP/1.0.4/Device/HAL_Driver/src/cs32l010_hal_tim.c 0x00000000   Number         0  cs32l010_hal_tim.o ABSOLUTE
    D:/Keil_v5/ARM/Pack/Chipsea/CS32L010_DFP/1.0.4/Device/HAL_Driver/src/cs32l010_hal_uart.c 0x00000000   Number         0  cs32l010_hal_uart.o ABSOLUTE
    D:/Keil_v5/ARM/Pack/Chipsea/CS32L010_DFP/1.0.4/Device/HAL_Driver/src/cs32l010_hal_vc.c 0x00000000   Number         0  cs32l010_hal_vc.o ABSOLUTE
    D:/Keil_v5/ARM/Pack/Chipsea/CS32L010_DFP/1.0.4/Device/HAL_Driver/src/cs32l010_hal_wwdg.c 0x00000000   Number         0  cs32l010_hal_wwdg.o ABSOLUTE
    D:\Keil_v5\ARM\Pack\Chipsea\CS32L010_DFP\1.0.4\Device\HAL_Driver\src\cs32l010_hal.c 0x00000000   Number         0  cs32l010_hal.o ABSOLUTE
    D:\Keil_v5\ARM\Pack\Chipsea\CS32L010_DFP\1.0.4\Device\HAL_Driver\src\cs32l010_hal_adc.c 0x00000000   Number         0  cs32l010_hal_adc.o ABSOLUTE
    D:\Keil_v5\ARM\Pack\Chipsea\CS32L010_DFP\1.0.4\Device\HAL_Driver\src\cs32l010_hal_awk.c 0x00000000   Number         0  cs32l010_hal_awk.o ABSOLUTE
    D:\Keil_v5\ARM\Pack\Chipsea\CS32L010_DFP\1.0.4\Device\HAL_Driver\src\cs32l010_hal_basetim.c 0x00000000   Number         0  cs32l010_hal_basetim.o ABSOLUTE
    D:\Keil_v5\ARM\Pack\Chipsea\CS32L010_DFP\1.0.4\Device\HAL_Driver\src\cs32l010_hal_beep.c 0x00000000   Number         0  cs32l010_hal_beep.o ABSOLUTE
    D:\Keil_v5\ARM\Pack\Chipsea\CS32L010_DFP\1.0.4\Device\HAL_Driver\src\cs32l010_hal_clktrim.c 0x00000000   Number         0  cs32l010_hal_clktrim.o ABSOLUTE
    D:\Keil_v5\ARM\Pack\Chipsea\CS32L010_DFP\1.0.4\Device\HAL_Driver\src\cs32l010_hal_cortex.c 0x00000000   Number         0  cs32l010_hal_cortex.o ABSOLUTE
    D:\Keil_v5\ARM\Pack\Chipsea\CS32L010_DFP\1.0.4\Device\HAL_Driver\src\cs32l010_hal_crc.c 0x00000000   Number         0  cs32l010_hal_crc.o ABSOLUTE
    D:\Keil_v5\ARM\Pack\Chipsea\CS32L010_DFP\1.0.4\Device\HAL_Driver\src\cs32l010_hal_flash.c 0x00000000   Number         0  cs32l010_hal_flash.o ABSOLUTE
    D:\Keil_v5\ARM\Pack\Chipsea\CS32L010_DFP\1.0.4\Device\HAL_Driver\src\cs32l010_hal_gpio.c 0x00000000   Number         0  cs32l010_hal_gpio.o ABSOLUTE
    D:\Keil_v5\ARM\Pack\Chipsea\CS32L010_DFP\1.0.4\Device\HAL_Driver\src\cs32l010_hal_i2c.c 0x00000000   Number         0  cs32l010_hal_i2c.o ABSOLUTE
    D:\Keil_v5\ARM\Pack\Chipsea\CS32L010_DFP\1.0.4\Device\HAL_Driver\src\cs32l010_hal_iwdg.c 0x00000000   Number         0  cs32l010_hal_iwdg.o ABSOLUTE
    D:\Keil_v5\ARM\Pack\Chipsea\CS32L010_DFP\1.0.4\Device\HAL_Driver\src\cs32l010_hal_lptim.c 0x00000000   Number         0  cs32l010_hal_lptim.o ABSOLUTE
    D:\Keil_v5\ARM\Pack\Chipsea\CS32L010_DFP\1.0.4\Device\HAL_Driver\src\cs32l010_hal_lpuart.c 0x00000000   Number         0  cs32l010_hal_lpuart.o ABSOLUTE
    D:\Keil_v5\ARM\Pack\Chipsea\CS32L010_DFP\1.0.4\Device\HAL_Driver\src\cs32l010_hal_lvd.c 0x00000000   Number         0  cs32l010_hal_lvd.o ABSOLUTE
    D:\Keil_v5\ARM\Pack\Chipsea\CS32L010_DFP\1.0.4\Device\HAL_Driver\src\cs32l010_hal_owire.c 0x00000000   Number         0  cs32l010_hal_owire.o ABSOLUTE
    D:\Keil_v5\ARM\Pack\Chipsea\CS32L010_DFP\1.0.4\Device\HAL_Driver\src\cs32l010_hal_pca.c 0x00000000   Number         0  cs32l010_hal_pca.o ABSOLUTE
    D:\Keil_v5\ARM\Pack\Chipsea\CS32L010_DFP\1.0.4\Device\HAL_Driver\src\cs32l010_hal_pwr.c 0x00000000   Number         0  cs32l010_hal_pwr.o ABSOLUTE
    D:\Keil_v5\ARM\Pack\Chipsea\CS32L010_DFP\1.0.4\Device\HAL_Driver\src\cs32l010_hal_rcc.c 0x00000000   Number         0  cs32l010_hal_rcc.o ABSOLUTE
    D:\Keil_v5\ARM\Pack\Chipsea\CS32L010_DFP\1.0.4\Device\HAL_Driver\src\cs32l010_hal_rtc.c 0x00000000   Number         0  cs32l010_hal_rtc.o ABSOLUTE
    D:\Keil_v5\ARM\Pack\Chipsea\CS32L010_DFP\1.0.4\Device\HAL_Driver\src\cs32l010_hal_spi.c 0x00000000   Number         0  cs32l010_hal_spi.o ABSOLUTE
    D:\Keil_v5\ARM\Pack\Chipsea\CS32L010_DFP\1.0.4\Device\HAL_Driver\src\cs32l010_hal_tim.c 0x00000000   Number         0  cs32l010_hal_tim.o ABSOLUTE
    D:\Keil_v5\ARM\Pack\Chipsea\CS32L010_DFP\1.0.4\Device\HAL_Driver\src\cs32l010_hal_uart.c 0x00000000   Number         0  cs32l010_hal_uart.o ABSOLUTE
    D:\Keil_v5\ARM\Pack\Chipsea\CS32L010_DFP\1.0.4\Device\HAL_Driver\src\cs32l010_hal_vc.c 0x00000000   Number         0  cs32l010_hal_vc.o ABSOLUTE
    D:\Keil_v5\ARM\Pack\Chipsea\CS32L010_DFP\1.0.4\Device\HAL_Driver\src\cs32l010_hal_wwdg.c 0x00000000   Number         0  cs32l010_hal_wwdg.o ABSOLUTE
    RTE/Device/CS32L010/startup_cs32l010.s   0x00000000   Number         0  startup_cs32l010.o ABSOLUTE
    RTE/Device/CS32L010/system_cs32l010.c    0x00000000   Number         0  system_cs32l010.o ABSOLUTE
    RTE\Device\CS32L010\system_cs32l010.c    0x00000000   Number         0  system_cs32l010.o ABSOLUTE
    cdrcmple.s                               0x00000000   Number         0  cdrcmple.o ABSOLUTE
    dc.s                                     0x00000000   Number         0  dc.o ABSOLUTE
    handlers.s                               0x00000000   Number         0  handlers.o ABSOLUTE
    init.s                                   0x00000000   Number         0  init.o ABSOLUTE
    .ARM.Collect$$$$00000000                 0x000000c0   Section        0  entry.o(.ARM.Collect$$$$00000000)
    .ARM.Collect$$$$00000001                 0x000000c0   Section        4  entry2.o(.ARM.Collect$$$$00000001)
    .ARM.Collect$$$$00000004                 0x000000c4   Section        4  entry5.o(.ARM.Collect$$$$00000004)
    .ARM.Collect$$$$00000008                 0x000000c8   Section        0  entry7b.o(.ARM.Collect$$$$00000008)
    .ARM.Collect$$$$0000000A                 0x000000c8   Section        0  entry8b.o(.ARM.Collect$$$$0000000A)
    .ARM.Collect$$$$0000000B                 0x000000c8   Section        8  entry9a.o(.ARM.Collect$$$$0000000B)
    .ARM.Collect$$$$0000000D                 0x000000d0   Section        0  entry10a.o(.ARM.Collect$$$$0000000D)
    .ARM.Collect$$$$0000000F                 0x000000d0   Section        0  entry11a.o(.ARM.Collect$$$$0000000F)
    .ARM.Collect$$$$00002712                 0x000000d0   Section        4  entry2.o(.ARM.Collect$$$$00002712)
    __lit__00000000                          0x000000d0   Data           4  entry2.o(.ARM.Collect$$$$00002712)
    .text                                    0x000000d4   Section       28  startup_cs32l010.o(.text)
    .text                                    0x000000f0   Section        0  uidiv.o(.text)
    .text                                    0x0000011c   Section        0  idiv.o(.text)
    .text                                    0x00000144   Section        0  llushr.o(.text)
    .text                                    0x00000166   Section        0  memcpya.o(.text)
    .text                                    0x0000018a   Section        0  memseta.o(.text)
    .text                                    0x000001ae   Section        0  strlen.o(.text)
    .text                                    0x000001bc   Section        0  strncmp.o(.text)
    .text                                    0x000001da   Section        0  atoi.o(.text)
    .text                                    0x000001f4   Section        0  dadd.o(.text)
    .text                                    0x00000358   Section        0  dmul.o(.text)
    .text                                    0x00000428   Section        0  ddiv.o(.text)
    .text                                    0x00000518   Section        0  dfltui.o(.text)
    .text                                    0x00000534   Section        0  dfixui.o(.text)
    .text                                    0x00000570   Section        0  d2f.o(.text)
    .text                                    0x000005a8   Section        0  uldiv.o(.text)
    .text                                    0x00000608   Section        0  llshl.o(.text)
    .text                                    0x00000628   Section        0  llsshr.o(.text)
    .text                                    0x00000650   Section        0  strtod.o(.text)
    _local_sscanf                            0x00000651   Thumb Code    54  strtod.o(.text)
    .text                                    0x000006f4   Section        0  strtol.o(.text)
    .text                                    0x00000764   Section        0  fepilogue.o(.text)
    .text                                    0x00000764   Section        0  iusefp.o(.text)
    .text                                    0x000007e6   Section        0  depilogue.o(.text)
    .text                                    0x000008a4   Section       36  init.o(.text)
    .text                                    0x000008c8   Section        0  ctype_o.o(.text)
    .text                                    0x000008d0   Section        0  isspace_o.o(.text)
    .text                                    0x000008e4   Section        0  scanf_fp.o(.text)
    _fp_value                                0x000008e5   Thumb Code   246  scanf_fp.o(.text)
    .text                                    0x00000c30   Section        0  _sgetc.o(.text)
    .text                                    0x00000c74   Section        0  _strtoul.o(.text)
    .text                                    0x00000d1a   Section        0  llmul.o(.text)
    .text                                    0x00000d94   Section        0  _chval.o(.text)
    .text                                    0x00000db4   Section        0  dfltul.o(.text)
    i.ADC_IRQHandler                         0x00000dd0   Section        0  cs32l010_it.o(i.ADC_IRQHandler)
    i.AWK_IRQHandler                         0x00000dd2   Section        0  cs32l010_it.o(i.AWK_IRQHandler)
    i.BASETIM_Base_SetConfig                 0x00000dd4   Section        0  cs32l010_hal_basetim.o(i.BASETIM_Base_SetConfig)
    BASETIM_Base_SetConfig                   0x00000dd5   Thumb Code    62  cs32l010_hal_basetim.o(i.BASETIM_Base_SetConfig)
    i.CLKTRIM_IRQHandler                     0x00000e12   Section        0  cs32l010_it.o(i.CLKTRIM_IRQHandler)
    i.Error_Handler                          0x00000e14   Section        0  main.o(i.Error_Handler)
    i.FLASH_IRQHandler                       0x00000e34   Section        0  cs32l010_it.o(i.FLASH_IRQHandler)
    i.GPIOA_IRQHandler                       0x00000e36   Section        0  cs32l010_it.o(i.GPIOA_IRQHandler)
    i.GPIOB_IRQHandler                       0x00000e38   Section        0  cs32l010_it.o(i.GPIOB_IRQHandler)
    i.GPIOC_IRQHandler                       0x00000e3a   Section        0  cs32l010_it.o(i.GPIOC_IRQHandler)
    i.GPIOD_IRQHandler                       0x00000e3c   Section        0  cs32l010_it.o(i.GPIOD_IRQHandler)
    i.HAL_BASETIM_Base_Init                  0x00000e3e   Section        0  cs32l010_hal_basetim.o(i.HAL_BASETIM_Base_Init)
    i.HAL_BASETIM_Base_MspInit               0x00000e76   Section        0  cs32l010_hal_basetim.o(i.HAL_BASETIM_Base_MspInit)
    i.HAL_BASETIM_Base_Start_IT              0x00000e78   Section        0  cs32l010_hal_basetim.o(i.HAL_BASETIM_Base_Start_IT)
    i.HAL_BASETIM_IRQHandler                 0x00000e96   Section        0  cs32l010_hal_basetim.o(i.HAL_BASETIM_IRQHandler)
    i.HAL_BASETIM_PeriodElapsedCallback      0x00000ed0   Section        0  timer.o(i.HAL_BASETIM_PeriodElapsedCallback)
    i.HAL_Delay                              0x00000f20   Section        0  cs32l010_hal.o(i.HAL_Delay)
    i.HAL_GPIO_Init                          0x00000f4c   Section        0  cs32l010_hal_gpio.o(i.HAL_GPIO_Init)
    i.HAL_GPIO_ReadPin                       0x000011c8   Section        0  cs32l010_hal_gpio.o(i.HAL_GPIO_ReadPin)
    i.HAL_GPIO_WritePin                      0x000011da   Section        0  cs32l010_hal_gpio.o(i.HAL_GPIO_WritePin)
    i.HAL_GetTick                            0x000011e8   Section        0  cs32l010_hal.o(i.HAL_GetTick)
    i.HAL_I2C_ACK_Config                     0x000011f4   Section        0  cs32l010_hal_i2c.o(i.HAL_I2C_ACK_Config)
    i.HAL_I2C_Check_Flag                     0x00001214   Section        0  cs32l010_hal_i2c.o(i.HAL_I2C_Check_Flag)
    i.HAL_I2C_Clear_Interrupt_Flag           0x00001232   Section        0  cs32l010_hal_i2c.o(i.HAL_I2C_Clear_Interrupt_Flag)
    i.HAL_I2C_Get_Interrupt_Flag             0x00001240   Section        0  cs32l010_hal_i2c.o(i.HAL_I2C_Get_Interrupt_Flag)
    i.HAL_I2C_IRQHandler                     0x0000124e   Section        0  cs32l010_hal_i2c.o(i.HAL_I2C_IRQHandler)
    i.HAL_I2C_Init                           0x00001268   Section        0  cs32l010_hal_i2c.o(i.HAL_I2C_Init)
    i.HAL_I2C_MasterCallback                 0x0000135a   Section        0  cs32l010_hal_i2c.o(i.HAL_I2C_MasterCallback)
    i.HAL_I2C_MspInit                        0x0000135c   Section        0  i2cslave.o(i.HAL_I2C_MspInit)
    i.HAL_I2C_Send_Byte                      0x000013cc   Section        0  cs32l010_hal_i2c.o(i.HAL_I2C_Send_Byte)
    i.HAL_I2C_SlaveCallback                  0x000013e0   Section        0  i2cslave.o(i.HAL_I2C_SlaveCallback)
    i.HAL_I2C_Wait_Flag                      0x00001544   Section        0  cs32l010_hal_i2c.o(i.HAL_I2C_Wait_Flag)
    i.HAL_IncTick                            0x00001580   Section        0  cs32l010_hal.o(i.HAL_IncTick)
    i.HAL_Init                               0x00001598   Section        0  cs32l010_hal.o(i.HAL_Init)
    i.HAL_InitTick                           0x000015a8   Section        0  cs32l010_hal.o(i.HAL_InitTick)
    i.HAL_MspInit                            0x000015fc   Section        0  cs32l010_hal_msp.o(i.HAL_MspInit)
    i.HAL_NVIC_EnableIRQ                     0x00001600   Section        0  cs32l010_hal_cortex.o(i.HAL_NVIC_EnableIRQ)
    i.HAL_NVIC_SetPriority                   0x00001624   Section        0  cs32l010_hal_cortex.o(i.HAL_NVIC_SetPriority)
    i.HAL_RCC_ClockConfig                    0x00001634   Section        0  cs32l010_hal_rcc.o(i.HAL_RCC_ClockConfig)
    i.HAL_RCC_GetHCLKFreq                    0x0000180c   Section        0  cs32l010_hal_rcc.o(i.HAL_RCC_GetHCLKFreq)
    i.HAL_RCC_GetPCLKFreq                    0x00001818   Section        0  cs32l010_hal_rcc.o(i.HAL_RCC_GetPCLKFreq)
    i.HAL_RCC_GetSysClockFreq                0x00001840   Section        0  cs32l010_hal_rcc.o(i.HAL_RCC_GetSysClockFreq)
    i.HAL_RCC_OscConfig                      0x000018f4   Section        0  cs32l010_hal_rcc.o(i.HAL_RCC_OscConfig)
    i.HAL_SYSTICK_Config                     0x00001d64   Section        0  cs32l010_hal_cortex.o(i.HAL_SYSTICK_Config)
    i.HAL_UART_ErrorCallback                 0x00001d9c   Section        0  cs32l010_hal_uart.o(i.HAL_UART_ErrorCallback)
    i.HAL_UART_IRQHandler                    0x00001d9e   Section        0  cs32l010_hal_uart.o(i.HAL_UART_IRQHandler)
    i.HAL_UART_Init                          0x00001e3e   Section        0  cs32l010_hal_uart.o(i.HAL_UART_Init)
    i.HAL_UART_MspInit                       0x00001e7c   Section        0  uart.o(i.HAL_UART_MspInit)
    i.HAL_UART_Receive_IT                    0x00001f24   Section        0  cs32l010_hal_uart.o(i.HAL_UART_Receive_IT)
    i.HAL_UART_RxCpltCallback                0x00001f80   Section        0  uart.o(i.HAL_UART_RxCpltCallback)
    i.HAL_UART_Transmit                      0x0000202c   Section        0  cs32l010_hal_uart.o(i.HAL_UART_Transmit)
    i.HAL_UART_Transmit_IT                   0x00002150   Section        0  cs32l010_hal_uart.o(i.HAL_UART_Transmit_IT)
    i.HAL_UART_TxCpltCallback                0x00002218   Section        0  cs32l010_hal_uart.o(i.HAL_UART_TxCpltCallback)
    i.HardFault_Handler                      0x0000221a   Section        0  cs32l010_it.o(i.HardFault_Handler)
    i.I2C_IRQHandler                         0x00002220   Section        0  cs32l010_it.o(i.I2C_IRQHandler)
    i.I2C_Init                               0x00002230   Section        0  i2cslave.o(i.I2C_Init)
    i.IWDG_IRQHandler                        0x0000227c   Section        0  cs32l010_it.o(i.IWDG_IRQHandler)
    i.LPTIM_IRQHandler                       0x0000227e   Section        0  cs32l010_it.o(i.LPTIM_IRQHandler)
    i.LPUART_IRQHandler                      0x00002280   Section        0  cs32l010_it.o(i.LPUART_IRQHandler)
    i.LVD_IRQHandler                         0x00002282   Section        0  cs32l010_it.o(i.LVD_IRQHandler)
    i.NMI_Handler                            0x00002284   Section        0  cs32l010_it.o(i.NMI_Handler)
    i.OWIRE_IRQHandler                       0x00002286   Section        0  cs32l010_it.o(i.OWIRE_IRQHandler)
    i.PCA_IRQHandler                         0x00002288   Section        0  cs32l010_it.o(i.PCA_IRQHandler)
    i.PendSV_Handler                         0x0000228a   Section        0  cs32l010_it.o(i.PendSV_Handler)
    i.RCC_Delay                              0x0000228c   Section        0  cs32l010_hal_rcc.o(i.RCC_Delay)
    RCC_Delay                                0x0000228d   Thumb Code    38  cs32l010_hal_rcc.o(i.RCC_Delay)
    i.RTC_IRQHandler                         0x000022b8   Section        0  cs32l010_it.o(i.RTC_IRQHandler)
    i.SD3031readReg                          0x000022bc   Section        0  sd3031.o(i.SD3031readReg)
    i.SD3031writeReg                         0x000022fc   Section        0  sd3031.o(i.SD3031writeReg)
    i.SOFT_SCL_OUT                           0x0000238c   Section        0  dfrobot_softeriic.o(i.SOFT_SCL_OUT)
    i.SOFT_SDA_IN                            0x000023a0   Section        0  dfrobot_softeriic.o(i.SOFT_SDA_IN)
    i.SOFT_SDA_OUT                           0x000023b4   Section        0  dfrobot_softeriic.o(i.SOFT_SDA_OUT)
    i.SPI_IRQHandler                         0x000023c8   Section        0  cs32l010_it.o(i.SPI_IRQHandler)
    i.SVC_Handler                            0x000023ca   Section        0  cs32l010_it.o(i.SVC_Handler)
    i.SerialSend                             0x000023cc   Section        0  log.o(i.SerialSend)
    SerialSend                               0x000023cd   Thumb Code    16  log.o(i.SerialSend)
    i.Soft_IIC_Ack                           0x000023e0   Section        0  dfrobot_softeriic.o(i.Soft_IIC_Ack)
    i.Soft_IIC_Delay                         0x0000241c   Section        0  dfrobot_softeriic.o(i.Soft_IIC_Delay)
    i.Soft_IIC_Init                          0x000024a8   Section        0  dfrobot_softeriic.o(i.Soft_IIC_Init)
    i.Soft_IIC_NAck                          0x00002510   Section        0  dfrobot_softeriic.o(i.Soft_IIC_NAck)
    i.Soft_IIC_ReadByte                      0x0000254c   Section        0  dfrobot_softeriic.o(i.Soft_IIC_ReadByte)
    i.Soft_IIC_Start                         0x000025b0   Section        0  dfrobot_softeriic.o(i.Soft_IIC_Start)
    i.Soft_IIC_Stop                          0x000025ec   Section        0  dfrobot_softeriic.o(i.Soft_IIC_Stop)
    i.Soft_IIC_Wait_Ack                      0x00002628   Section        0  dfrobot_softeriic.o(i.Soft_IIC_Wait_Ack)
    i.Soft_IIC_WriteByte                     0x0000267c   Section        0  dfrobot_softeriic.o(i.Soft_IIC_WriteByte)
    i.Soft_Read_SDA                          0x000026d8   Section        0  dfrobot_softeriic.o(i.Soft_Read_SDA)
    i.SysTick_Handler                        0x000026e8   Section        0  cs32l010_it.o(i.SysTick_Handler)
    i.SystemClock_Config                     0x000026f0   Section        0  main.o(i.SystemClock_Config)
    i.SystemInit                             0x00002744   Section        0  system_cs32l010.o(i.SystemInit)
    i.TIM10_IRQHandler                       0x00002784   Section        0  cs32l010_it.o(i.TIM10_IRQHandler)
    i.TIM11_IRQHandler                       0x00002788   Section        0  cs32l010_it.o(i.TIM11_IRQHandler)
    i.TIM1_IRQHandler                        0x00002798   Section        0  cs32l010_it.o(i.TIM1_IRQHandler)
    i.TIM2_IRQHandler                        0x0000279a   Section        0  cs32l010_it.o(i.TIM2_IRQHandler)
    i.UART0_IRQHandler                       0x0000279c   Section        0  cs32l010_it.o(i.UART0_IRQHandler)
    i.UART1_IRQHandler                       0x000027ac   Section        0  cs32l010_it.o(i.UART1_IRQHandler)
    i.UART_Receive_IT                        0x000027bc   Section        0  cs32l010_hal_uart.o(i.UART_Receive_IT)
    i.UART_SetConfig                         0x000028b8   Section        0  cs32l010_hal_uart.o(i.UART_SetConfig)
    UART_SetConfig                           0x000028b9   Thumb Code    70  cs32l010_hal_uart.o(i.UART_SetConfig)
    i.UART_Transmit_IT                       0x00002900   Section        0  cs32l010_hal_uart.o(i.UART_Transmit_IT)
    i.UART_WaitOnFlagUntilTimeout            0x000029b0   Section        0  cs32l010_hal_uart.o(i.UART_WaitOnFlagUntilTimeout)
    UART_WaitOnFlagUntilTimeout              0x000029b1   Thumb Code    98  cs32l010_hal_uart.o(i.UART_WaitOnFlagUntilTimeout)
    i.VC_IRQHandler                          0x00002a12   Section        0  cs32l010_it.o(i.VC_IRQHandler)
    i.WWDG_IRQHandler                        0x00002a14   Section        0  cs32l010_it.o(i.WWDG_IRQHandler)
    i.__0printf$5                            0x00002a18   Section        0  printf5.o(i.__0printf$5)
    i.__ARM_clz                              0x00002a38   Section        0  depilogue.o(i.__ARM_clz)
    i.__NVIC_SetPriority                     0x00002a68   Section        0  cs32l010_hal_cortex.o(i.__NVIC_SetPriority)
    __NVIC_SetPriority                       0x00002a69   Thumb Code   110  cs32l010_hal_cortex.o(i.__NVIC_SetPriority)
    i.__aeabi_errno_addr                     0x00002ae0   Section        0  errno.o(i.__aeabi_errno_addr)
    i.__read_errno                           0x00002ae8   Section        0  errno.o(i.__read_errno)
    i.__scatterload_copy                     0x00002af4   Section       14  handlers.o(i.__scatterload_copy)
    i.__scatterload_null                     0x00002b02   Section        2  handlers.o(i.__scatterload_null)
    i.__scatterload_zeroinit                 0x00002b04   Section       14  handlers.o(i.__scatterload_zeroinit)
    i.__set_errno                            0x00002b14   Section        0  errno.o(i.__set_errno)
    i._is_digit                              0x00002b20   Section        0  scanf_fp.o(i._is_digit)
    i._printf_core                           0x00002b30   Section        0  printf5.o(i._printf_core)
    _printf_core                             0x00002b31   Thumb Code   688  printf5.o(i._printf_core)
    i.anaysis_gps_data                       0x00002e0c   Section        0  l76k.o(i.anaysis_gps_data)
    i.annysis_uart0_command                  0x000035dc   Section        0  uart.o(i.annysis_uart0_command)
    i.atof                                   0x000036c4   Section        0  atof.o(i.atof)
    i.bin2bcd                                0x000036ee   Section        0  sd3031.o(i.bin2bcd)
    i.date2days                              0x00003704   Section        0  sd3031.o(i.date2days)
    date2days                                0x00003705   Thumb Code    92  sd3031.o(i.date2days)
    i.disable_gnss_power                     0x00003764   Section        0  l76k.o(i.disable_gnss_power)
    i.enable_gnss_power                      0x00003778   Section        0  l76k.o(i.enable_gnss_power)
    i.fputc                                  0x0000378c   Section        0  log.o(i.fputc)
    i.hex_to_ascll_str                       0x0000379c   Section        0  l76k.o(i.hex_to_ascll_str)
    i.initRegBuf                             0x000037c0   Section        0  reg.o(i.initRegBuf)
    i.initUart0ForCS32                       0x000037e8   Section        0  uart.o(i.initUart0ForCS32)
    i.initUart1ForL76K                       0x00003858   Section        0  uart.o(i.initUart1ForL76K)
    i.init_l76k_gpio                         0x000038cc   Section        0  l76k.o(i.init_l76k_gpio)
    i.main                                   0x00003938   Section        0  main.o(i.main)
    i.readReg                                0x00003ad8   Section        0  dfrobot_softeriic.o(i.readReg)
    i.sd3031Init                             0x00003b3c   Section        0  sd3031.o(i.sd3031Init)
    i.setAddr                                0x00003b54   Section        0  dfrobot_softeriic.o(i.setAddr)
    i.setTime                                0x00003b64   Section        0  sd3031.o(i.setTime)
    i.set_star_type                          0x00003c5c   Section        0  l76k.o(i.set_star_type)
    i.set_uart_baud                          0x00003d18   Section        0  l76k.o(i.set_uart_baud)
    i.uart0Send                              0x00003dd4   Section        0  uart.o(i.uart0Send)
    i.uart1Send                              0x00003dec   Section        0  uart.o(i.uart1Send)
    i.uartAnalysisTimerInit                  0x00003e04   Section        0  timer.o(i.uartAnalysisTimerInit)
    i.userSetHandle                          0x00003e8c   Section        0  main.o(i.userSetHandle)
    i.writeReg                               0x00003fac   Section        0  dfrobot_softeriic.o(i.writeReg)
    .constdata                               0x00003fec   Section       12  sd3031.o(.constdata)
    .constdata                               0x00003ff8   Section      256  cs32l010_hal_uart.o(.constdata)
    ParityTable256                           0x00003ff8   Data         256  cs32l010_hal_uart.o(.constdata)
    .constdata                               0x000040f8   Section      129  ctype_o.o(.constdata)
    .constdata                               0x0000417c   Section        4  ctype_o.o(.constdata)
    table                                    0x0000417c   Data           4  ctype_o.o(.constdata)
    .data                                    0x20000000   Section        1  dfrobot_softeriic.o(.data)
    _addr                                    0x20000000   Data           1  dfrobot_softeriic.o(.data)
    .data                                    0x20000002   Section        6  timer.o(.data)
    .data                                    0x20000008   Section        7  i2cslave.o(.data)
    .data                                    0x20000010   Section        2  l76k.o(.data)
    .data                                    0x20000012   Section        1  sd3031.o(.data)
    .data                                    0x20000014   Section        6  uart.o(.data)
    cs32RxData                               0x20000018   Data           1  uart.o(.data)
    l76kRxData                               0x20000019   Data           1  uart.o(.data)
    .data                                    0x2000001c   Section        9  cs32l010_hal.o(.data)
    .data                                    0x20000028   Section        4  system_cs32l010.o(.data)
    .data                                    0x2000002c   Section        4  stdout.o(.data)
    .data                                    0x20000030   Section        4  errno.o(.data)
    _errno                                   0x20000030   Data           4  errno.o(.data)
    .bss                                     0x20000034   Section       44  timer.o(.bss)
    .bss                                     0x20000060   Section       36  i2cslave.o(.bss)
    .bss                                     0x20000088   Section      920  l76k.o(.bss)
    .bss                                     0x20000420   Section      176  reg.o(.bss)
    .bss                                     0x200004d0   Section     1608  uart.o(.bss)
    STACK                                    0x20000b18   Section      512  startup_cs32l010.o(STACK)

    Global Symbols

    Symbol Name                              Value     Ov Type        Size  Object(Section)

    BuildAttributes$$THM_ISAv3M$S$PE$A:L22$X:L11$S22$IEEE1$IW$USESV6$~STKCKD$USESV7$~SHL$OTIME$ROPI$IEEEJ$EBA8$MICROLIB$REQ8$PRES8$EABIv2 0x00000000   Number         0  anon$$obj.o ABSOLUTE
    __ARM_use_no_argv                        0x00000000   Number         0  main.o ABSOLUTE
    __Vectors                                0x00000000   Data           4  startup_cs32l010.o(RESET)
    _printf_a                                0x00000000   Number         0  stubs.o ABSOLUTE
    _printf_c                                0x00000000   Number         0  stubs.o ABSOLUTE
    _printf_charcount                        0x00000000   Number         0  stubs.o ABSOLUTE
    _printf_d                                0x00000000   Number         0  stubs.o ABSOLUTE
    _printf_e                                0x00000000   Number         0  stubs.o ABSOLUTE
    _printf_f                                0x00000000   Number         0  stubs.o ABSOLUTE
    _printf_flags                            0x00000000   Number         0  stubs.o ABSOLUTE
    _printf_fp_dec                           0x00000000   Number         0  stubs.o ABSOLUTE
    _printf_fp_hex                           0x00000000   Number         0  stubs.o ABSOLUTE
    _printf_g                                0x00000000   Number         0  stubs.o ABSOLUTE
    _printf_i                                0x00000000   Number         0  stubs.o ABSOLUTE
    _printf_int_dec                          0x00000000   Number         0  stubs.o ABSOLUTE
    _printf_l                                0x00000000   Number         0  stubs.o ABSOLUTE
    _printf_lc                               0x00000000   Number         0  stubs.o ABSOLUTE
    _printf_ll                               0x00000000   Number         0  stubs.o ABSOLUTE
    _printf_lld                              0x00000000   Number         0  stubs.o ABSOLUTE
    _printf_lli                              0x00000000   Number         0  stubs.o ABSOLUTE
    _printf_llo                              0x00000000   Number         0  stubs.o ABSOLUTE
    _printf_llu                              0x00000000   Number         0  stubs.o ABSOLUTE
    _printf_llx                              0x00000000   Number         0  stubs.o ABSOLUTE
    _printf_longlong_dec                     0x00000000   Number         0  stubs.o ABSOLUTE
    _printf_longlong_hex                     0x00000000   Number         0  stubs.o ABSOLUTE
    _printf_longlong_oct                     0x00000000   Number         0  stubs.o ABSOLUTE
    _printf_ls                               0x00000000   Number         0  stubs.o ABSOLUTE
    _printf_mbtowc                           0x00000000   Number         0  stubs.o ABSOLUTE
    _printf_n                                0x00000000   Number         0  stubs.o ABSOLUTE
    _printf_o                                0x00000000   Number         0  stubs.o ABSOLUTE
    _printf_p                                0x00000000   Number         0  stubs.o ABSOLUTE
    _printf_percent                          0x00000000   Number         0  stubs.o ABSOLUTE
    _printf_pre_padding                      0x00000000   Number         0  stubs.o ABSOLUTE
    _printf_return_value                     0x00000000   Number         0  stubs.o ABSOLUTE
    _printf_s                                0x00000000   Number         0  stubs.o ABSOLUTE
    _printf_sizespec                         0x00000000   Number         0  stubs.o ABSOLUTE
    _printf_str                              0x00000000   Number         0  stubs.o ABSOLUTE
    _printf_truncate_signed                  0x00000000   Number         0  stubs.o ABSOLUTE
    _printf_truncate_unsigned                0x00000000   Number         0  stubs.o ABSOLUTE
    _printf_u                                0x00000000   Number         0  stubs.o ABSOLUTE
    _printf_wc                               0x00000000   Number         0  stubs.o ABSOLUTE
    _printf_wctomb                           0x00000000   Number         0  stubs.o ABSOLUTE
    _printf_widthprec                        0x00000000   Number         0  stubs.o ABSOLUTE
    _printf_x                                0x00000000   Number         0  stubs.o ABSOLUTE
    __cpp_initialize__aeabi_                  - Undefined Weak Reference
    __cxa_finalize                            - Undefined Weak Reference
    __decompress                              - Undefined Weak Reference
    _clock_init                               - Undefined Weak Reference
    _microlib_exit                            - Undefined Weak Reference
    __Vectors_End                            0x000000c0   Data           0  startup_cs32l010.o(RESET)
    __Vectors_Size                           0x000000c0   Number         0  startup_cs32l010.o ABSOLUTE
    __main                                   0x000000c1   Thumb Code     0  entry.o(.ARM.Collect$$$$00000000)
    _main_stk                                0x000000c1   Thumb Code     0  entry2.o(.ARM.Collect$$$$00000001)
    _main_scatterload                        0x000000c5   Thumb Code     0  entry5.o(.ARM.Collect$$$$00000004)
    __main_after_scatterload                 0x000000c9   Thumb Code     0  entry5.o(.ARM.Collect$$$$00000004)
    _main_clock                              0x000000c9   Thumb Code     0  entry7b.o(.ARM.Collect$$$$00000008)
    _main_cpp_init                           0x000000c9   Thumb Code     0  entry8b.o(.ARM.Collect$$$$0000000A)
    _main_init                               0x000000c9   Thumb Code     0  entry9a.o(.ARM.Collect$$$$0000000B)
    __rt_final_cpp                           0x000000d1   Thumb Code     0  entry10a.o(.ARM.Collect$$$$0000000D)
    __rt_final_exit                          0x000000d1   Thumb Code     0  entry11a.o(.ARM.Collect$$$$0000000F)
    Reset_Handler                            0x000000d5   Thumb Code     8  startup_cs32l010.o(.text)
    __aeabi_uidiv                            0x000000f1   Thumb Code     0  uidiv.o(.text)
    __aeabi_uidivmod                         0x000000f1   Thumb Code    44  uidiv.o(.text)
    __aeabi_idiv                             0x0000011d   Thumb Code     0  idiv.o(.text)
    __aeabi_idivmod                          0x0000011d   Thumb Code    40  idiv.o(.text)
    __aeabi_llsr                             0x00000145   Thumb Code    34  llushr.o(.text)
    _ll_ushift_r                             0x00000145   Thumb Code     0  llushr.o(.text)
    __aeabi_memcpy                           0x00000167   Thumb Code    36  memcpya.o(.text)
    __aeabi_memcpy4                          0x00000167   Thumb Code     0  memcpya.o(.text)
    __aeabi_memcpy8                          0x00000167   Thumb Code     0  memcpya.o(.text)
    __aeabi_memset                           0x0000018b   Thumb Code    14  memseta.o(.text)
    __aeabi_memset4                          0x0000018b   Thumb Code     0  memseta.o(.text)
    __aeabi_memset8                          0x0000018b   Thumb Code     0  memseta.o(.text)
    __aeabi_memclr                           0x00000199   Thumb Code     4  memseta.o(.text)
    __aeabi_memclr4                          0x00000199   Thumb Code     0  memseta.o(.text)
    __aeabi_memclr8                          0x00000199   Thumb Code     0  memseta.o(.text)
    _memset$wrapper                          0x0000019d   Thumb Code    18  memseta.o(.text)
    strlen                                   0x000001af   Thumb Code    14  strlen.o(.text)
    strncmp                                  0x000001bd   Thumb Code    30  strncmp.o(.text)
    atoi                                     0x000001db   Thumb Code    26  atoi.o(.text)
    __aeabi_dadd                             0x000001f5   Thumb Code   328  dadd.o(.text)
    __aeabi_dsub                             0x0000033d   Thumb Code    12  dadd.o(.text)
    __aeabi_drsub                            0x00000349   Thumb Code    12  dadd.o(.text)
    __aeabi_dmul                             0x00000359   Thumb Code   202  dmul.o(.text)
    __aeabi_ddiv                             0x00000429   Thumb Code   234  ddiv.o(.text)
    __aeabi_ui2d                             0x00000519   Thumb Code    24  dfltui.o(.text)
    __aeabi_d2uiz                            0x00000535   Thumb Code    50  dfixui.o(.text)
    __aeabi_d2f                              0x00000571   Thumb Code    56  d2f.o(.text)
    __aeabi_uldivmod                         0x000005a9   Thumb Code    96  uldiv.o(.text)
    __aeabi_llsl                             0x00000609   Thumb Code    32  llshl.o(.text)
    _ll_shift_l                              0x00000609   Thumb Code     0  llshl.o(.text)
    __aeabi_lasr                             0x00000629   Thumb Code    38  llsshr.o(.text)
    _ll_sshift_r                             0x00000629   Thumb Code     0  llsshr.o(.text)
    __strtod_int                             0x00000687   Thumb Code    92  strtod.o(.text)
    strtol                                   0x000006f5   Thumb Code   108  strtol.o(.text)
    __I$use$fp                               0x00000765   Thumb Code     0  iusefp.o(.text)
    _float_round                             0x00000765   Thumb Code    16  fepilogue.o(.text)
    _float_epilogue                          0x00000775   Thumb Code   114  fepilogue.o(.text)
    _double_round                            0x000007e7   Thumb Code    26  depilogue.o(.text)
    _double_epilogue                         0x00000801   Thumb Code   164  depilogue.o(.text)
    __scatterload                            0x000008a5   Thumb Code    28  init.o(.text)
    __scatterload_rt2                        0x000008a5   Thumb Code     0  init.o(.text)
    __rt_ctype_table                         0x000008c9   Thumb Code     4  ctype_o.o(.text)
    isspace                                  0x000008d1   Thumb Code    18  isspace_o.o(.text)
    _scanf_real                              0x000009db   Thumb Code     0  scanf_fp.o(.text)
    _scanf_really_real                       0x000009db   Thumb Code   586  scanf_fp.o(.text)
    _sgetc                                   0x00000c31   Thumb Code    32  _sgetc.o(.text)
    _sbackspace                              0x00000c51   Thumb Code    36  _sgetc.o(.text)
    _strtoul                                 0x00000c75   Thumb Code   166  _strtoul.o(.text)
    __aeabi_lmul                             0x00000d1b   Thumb Code   122  llmul.o(.text)
    _ll_mul                                  0x00000d1b   Thumb Code     0  llmul.o(.text)
    _chval                                   0x00000d95   Thumb Code    30  _chval.o(.text)
    __aeabi_ul2d                             0x00000db5   Thumb Code    22  dfltul.o(.text)
    ADC_IRQHandler                           0x00000dd1   Thumb Code     2  cs32l010_it.o(i.ADC_IRQHandler)
    AWK_IRQHandler                           0x00000dd3   Thumb Code     2  cs32l010_it.o(i.AWK_IRQHandler)
    CLKTRIM_IRQHandler                       0x00000e13   Thumb Code     2  cs32l010_it.o(i.CLKTRIM_IRQHandler)
    Error_Handler                            0x00000e15   Thumb Code    10  main.o(i.Error_Handler)
    FLASH_IRQHandler                         0x00000e35   Thumb Code     2  cs32l010_it.o(i.FLASH_IRQHandler)
    GPIOA_IRQHandler                         0x00000e37   Thumb Code     2  cs32l010_it.o(i.GPIOA_IRQHandler)
    GPIOB_IRQHandler                         0x00000e39   Thumb Code     2  cs32l010_it.o(i.GPIOB_IRQHandler)
    GPIOC_IRQHandler                         0x00000e3b   Thumb Code     2  cs32l010_it.o(i.GPIOC_IRQHandler)
    GPIOD_IRQHandler                         0x00000e3d   Thumb Code     2  cs32l010_it.o(i.GPIOD_IRQHandler)
    HAL_BASETIM_Base_Init                    0x00000e3f   Thumb Code    56  cs32l010_hal_basetim.o(i.HAL_BASETIM_Base_Init)
    HAL_BASETIM_Base_MspInit                 0x00000e77   Thumb Code     2  cs32l010_hal_basetim.o(i.HAL_BASETIM_Base_MspInit)
    HAL_BASETIM_Base_Start_IT                0x00000e79   Thumb Code    30  cs32l010_hal_basetim.o(i.HAL_BASETIM_Base_Start_IT)
    HAL_BASETIM_IRQHandler                   0x00000e97   Thumb Code    56  cs32l010_hal_basetim.o(i.HAL_BASETIM_IRQHandler)
    HAL_BASETIM_PeriodElapsedCallback        0x00000ed1   Thumb Code    58  timer.o(i.HAL_BASETIM_PeriodElapsedCallback)
    HAL_Delay                                0x00000f21   Thumb Code    38  cs32l010_hal.o(i.HAL_Delay)
    HAL_GPIO_Init                            0x00000f4d   Thumb Code   636  cs32l010_hal_gpio.o(i.HAL_GPIO_Init)
    HAL_GPIO_ReadPin                         0x000011c9   Thumb Code    18  cs32l010_hal_gpio.o(i.HAL_GPIO_ReadPin)
    HAL_GPIO_WritePin                        0x000011db   Thumb Code    12  cs32l010_hal_gpio.o(i.HAL_GPIO_WritePin)
    HAL_GetTick                              0x000011e9   Thumb Code     6  cs32l010_hal.o(i.HAL_GetTick)
    HAL_I2C_ACK_Config                       0x000011f5   Thumb Code    32  cs32l010_hal_i2c.o(i.HAL_I2C_ACK_Config)
    HAL_I2C_Check_Flag                       0x00001215   Thumb Code    30  cs32l010_hal_i2c.o(i.HAL_I2C_Check_Flag)
    HAL_I2C_Clear_Interrupt_Flag             0x00001233   Thumb Code    14  cs32l010_hal_i2c.o(i.HAL_I2C_Clear_Interrupt_Flag)
    HAL_I2C_Get_Interrupt_Flag               0x00001241   Thumb Code    14  cs32l010_hal_i2c.o(i.HAL_I2C_Get_Interrupt_Flag)
    HAL_I2C_IRQHandler                       0x0000124f   Thumb Code    26  cs32l010_hal_i2c.o(i.HAL_I2C_IRQHandler)
    HAL_I2C_Init                             0x00001269   Thumb Code   242  cs32l010_hal_i2c.o(i.HAL_I2C_Init)
    HAL_I2C_MasterCallback                   0x0000135b   Thumb Code     2  cs32l010_hal_i2c.o(i.HAL_I2C_MasterCallback)
    HAL_I2C_MspInit                          0x0000135d   Thumb Code   104  i2cslave.o(i.HAL_I2C_MspInit)
    HAL_I2C_Send_Byte                        0x000013cd   Thumb Code    18  cs32l010_hal_i2c.o(i.HAL_I2C_Send_Byte)
    HAL_I2C_SlaveCallback                    0x000013e1   Thumb Code   312  i2cslave.o(i.HAL_I2C_SlaveCallback)
    HAL_I2C_Wait_Flag                        0x00001545   Thumb Code    58  cs32l010_hal_i2c.o(i.HAL_I2C_Wait_Flag)
    HAL_IncTick                              0x00001581   Thumb Code    16  cs32l010_hal.o(i.HAL_IncTick)
    HAL_Init                                 0x00001599   Thumb Code    16  cs32l010_hal.o(i.HAL_Init)
    HAL_InitTick                             0x000015a9   Thumb Code    70  cs32l010_hal.o(i.HAL_InitTick)
    HAL_MspInit                              0x000015fd   Thumb Code     2  cs32l010_hal_msp.o(i.HAL_MspInit)
    HAL_NVIC_EnableIRQ                       0x00001601   Thumb Code    30  cs32l010_hal_cortex.o(i.HAL_NVIC_EnableIRQ)
    HAL_NVIC_SetPriority                     0x00001625   Thumb Code    16  cs32l010_hal_cortex.o(i.HAL_NVIC_SetPriority)
    HAL_RCC_ClockConfig                      0x00001635   Thumb Code   446  cs32l010_hal_rcc.o(i.HAL_RCC_ClockConfig)
    HAL_RCC_GetHCLKFreq                      0x0000180d   Thumb Code     6  cs32l010_hal_rcc.o(i.HAL_RCC_GetHCLKFreq)
    HAL_RCC_GetPCLKFreq                      0x00001819   Thumb Code    34  cs32l010_hal_rcc.o(i.HAL_RCC_GetPCLKFreq)
    HAL_RCC_GetSysClockFreq                  0x00001841   Thumb Code   150  cs32l010_hal_rcc.o(i.HAL_RCC_GetSysClockFreq)
    HAL_RCC_OscConfig                        0x000018f5   Thumb Code  1126  cs32l010_hal_rcc.o(i.HAL_RCC_OscConfig)
    HAL_SYSTICK_Config                       0x00001d65   Thumb Code    46  cs32l010_hal_cortex.o(i.HAL_SYSTICK_Config)
    HAL_UART_ErrorCallback                   0x00001d9d   Thumb Code     2  cs32l010_hal_uart.o(i.HAL_UART_ErrorCallback)
    HAL_UART_IRQHandler                      0x00001d9f   Thumb Code   160  cs32l010_hal_uart.o(i.HAL_UART_IRQHandler)
    HAL_UART_Init                            0x00001e3f   Thumb Code    62  cs32l010_hal_uart.o(i.HAL_UART_Init)
    HAL_UART_MspInit                         0x00001e7d   Thumb Code   154  uart.o(i.HAL_UART_MspInit)
    HAL_UART_Receive_IT                      0x00001f25   Thumb Code    92  cs32l010_hal_uart.o(i.HAL_UART_Receive_IT)
    HAL_UART_RxCpltCallback                  0x00001f81   Thumb Code   126  uart.o(i.HAL_UART_RxCpltCallback)
    HAL_UART_Transmit                        0x0000202d   Thumb Code   286  cs32l010_hal_uart.o(i.HAL_UART_Transmit)
    HAL_UART_Transmit_IT                     0x00002151   Thumb Code   196  cs32l010_hal_uart.o(i.HAL_UART_Transmit_IT)
    HAL_UART_TxCpltCallback                  0x00002219   Thumb Code     2  cs32l010_hal_uart.o(i.HAL_UART_TxCpltCallback)
    HardFault_Handler                        0x0000221b   Thumb Code     4  cs32l010_it.o(i.HardFault_Handler)
    I2C_IRQHandler                           0x00002221   Thumb Code    10  cs32l010_it.o(i.I2C_IRQHandler)
    I2C_Init                                 0x00002231   Thumb Code    66  i2cslave.o(i.I2C_Init)
    IWDG_IRQHandler                          0x0000227d   Thumb Code     2  cs32l010_it.o(i.IWDG_IRQHandler)
    LPTIM_IRQHandler                         0x0000227f   Thumb Code     2  cs32l010_it.o(i.LPTIM_IRQHandler)
    LPUART_IRQHandler                        0x00002281   Thumb Code     2  cs32l010_it.o(i.LPUART_IRQHandler)
    LVD_IRQHandler                           0x00002283   Thumb Code     2  cs32l010_it.o(i.LVD_IRQHandler)
    NMI_Handler                              0x00002285   Thumb Code     2  cs32l010_it.o(i.NMI_Handler)
    OWIRE_IRQHandler                         0x00002287   Thumb Code     2  cs32l010_it.o(i.OWIRE_IRQHandler)
    PCA_IRQHandler                           0x00002289   Thumb Code     2  cs32l010_it.o(i.PCA_IRQHandler)
    PendSV_Handler                           0x0000228b   Thumb Code     2  cs32l010_it.o(i.PendSV_Handler)
    RTC_IRQHandler                           0x000022b9   Thumb Code     2  cs32l010_it.o(i.RTC_IRQHandler)
    SD3031readReg                            0x000022bd   Thumb Code    34  sd3031.o(i.SD3031readReg)
    SD3031writeReg                           0x000022fd   Thumb Code   114  sd3031.o(i.SD3031writeReg)
    SOFT_SCL_OUT                             0x0000238d   Thumb Code    14  dfrobot_softeriic.o(i.SOFT_SCL_OUT)
    SOFT_SDA_IN                              0x000023a1   Thumb Code    14  dfrobot_softeriic.o(i.SOFT_SDA_IN)
    SOFT_SDA_OUT                             0x000023b5   Thumb Code    14  dfrobot_softeriic.o(i.SOFT_SDA_OUT)
    SPI_IRQHandler                           0x000023c9   Thumb Code     2  cs32l010_it.o(i.SPI_IRQHandler)
    SVC_Handler                              0x000023cb   Thumb Code     2  cs32l010_it.o(i.SVC_Handler)
    Soft_IIC_Ack                             0x000023e1   Thumb Code    56  dfrobot_softeriic.o(i.Soft_IIC_Ack)
    Soft_IIC_Delay                           0x0000241d   Thumb Code   138  dfrobot_softeriic.o(i.Soft_IIC_Delay)
    Soft_IIC_Init                            0x000024a9   Thumb Code    94  dfrobot_softeriic.o(i.Soft_IIC_Init)
    Soft_IIC_NAck                            0x00002511   Thumb Code    56  dfrobot_softeriic.o(i.Soft_IIC_NAck)
    Soft_IIC_ReadByte                        0x0000254d   Thumb Code    94  dfrobot_softeriic.o(i.Soft_IIC_ReadByte)
    Soft_IIC_Start                           0x000025b1   Thumb Code    56  dfrobot_softeriic.o(i.Soft_IIC_Start)
    Soft_IIC_Stop                            0x000025ed   Thumb Code    56  dfrobot_softeriic.o(i.Soft_IIC_Stop)
    Soft_IIC_Wait_Ack                        0x00002629   Thumb Code    80  dfrobot_softeriic.o(i.Soft_IIC_Wait_Ack)
    Soft_IIC_WriteByte                       0x0000267d   Thumb Code    86  dfrobot_softeriic.o(i.Soft_IIC_WriteByte)
    Soft_Read_SDA                            0x000026d9   Thumb Code    12  dfrobot_softeriic.o(i.Soft_Read_SDA)
    SysTick_Handler                          0x000026e9   Thumb Code     8  cs32l010_it.o(i.SysTick_Handler)
    SystemClock_Config                       0x000026f1   Thumb Code    80  main.o(i.SystemClock_Config)
    SystemInit                               0x00002745   Thumb Code    48  system_cs32l010.o(i.SystemInit)
    TIM10_IRQHandler                         0x00002785   Thumb Code     2  cs32l010_it.o(i.TIM10_IRQHandler)
    TIM11_IRQHandler                         0x00002789   Thumb Code    10  cs32l010_it.o(i.TIM11_IRQHandler)
    TIM1_IRQHandler                          0x00002799   Thumb Code     2  cs32l010_it.o(i.TIM1_IRQHandler)
    TIM2_IRQHandler                          0x0000279b   Thumb Code     2  cs32l010_it.o(i.TIM2_IRQHandler)
    UART0_IRQHandler                         0x0000279d   Thumb Code    10  cs32l010_it.o(i.UART0_IRQHandler)
    UART1_IRQHandler                         0x000027ad   Thumb Code    10  cs32l010_it.o(i.UART1_IRQHandler)
    UART_Receive_IT                          0x000027bd   Thumb Code   246  cs32l010_hal_uart.o(i.UART_Receive_IT)
    UART_Transmit_IT                         0x00002901   Thumb Code   170  cs32l010_hal_uart.o(i.UART_Transmit_IT)
    VC_IRQHandler                            0x00002a13   Thumb Code     2  cs32l010_it.o(i.VC_IRQHandler)
    WWDG_IRQHandler                          0x00002a15   Thumb Code     2  cs32l010_it.o(i.WWDG_IRQHandler)
    __0printf$5                              0x00002a19   Thumb Code    24  printf5.o(i.__0printf$5)
    __1printf$5                              0x00002a19   Thumb Code     0  printf5.o(i.__0printf$5)
    __2printf                                0x00002a19   Thumb Code     0  printf5.o(i.__0printf$5)
    __ARM_clz                                0x00002a39   Thumb Code    46  depilogue.o(i.__ARM_clz)
    __aeabi_errno_addr                       0x00002ae1   Thumb Code     4  errno.o(i.__aeabi_errno_addr)
    __rt_errno_addr                          0x00002ae1   Thumb Code     0  errno.o(i.__aeabi_errno_addr)
    __read_errno                             0x00002ae9   Thumb Code     6  errno.o(i.__read_errno)
    __scatterload_copy                       0x00002af5   Thumb Code    14  handlers.o(i.__scatterload_copy)
    __scatterload_null                       0x00002b03   Thumb Code     2  handlers.o(i.__scatterload_null)
    __scatterload_zeroinit                   0x00002b05   Thumb Code    14  handlers.o(i.__scatterload_zeroinit)
    __set_errno                              0x00002b15   Thumb Code     6  errno.o(i.__set_errno)
    _is_digit                                0x00002b21   Thumb Code    14  scanf_fp.o(i._is_digit)
    anaysis_gps_data                         0x00002e0d   Thumb Code  1948  l76k.o(i.anaysis_gps_data)
    annysis_uart0_command                    0x000035dd   Thumb Code   206  uart.o(i.annysis_uart0_command)
    atof                                     0x000036c5   Thumb Code    42  atof.o(i.atof)
    bin2bcd                                  0x000036ef   Thumb Code    22  sd3031.o(i.bin2bcd)
    disable_gnss_power                       0x00003765   Thumb Code    14  l76k.o(i.disable_gnss_power)
    enable_gnss_power                        0x00003779   Thumb Code    14  l76k.o(i.enable_gnss_power)
    fputc                                    0x0000378d   Thumb Code    16  log.o(i.fputc)
    hex_to_ascll_str                         0x0000379d   Thumb Code    34  l76k.o(i.hex_to_ascll_str)
    initRegBuf                               0x000037c1   Thumb Code    36  reg.o(i.initRegBuf)
    initUart0ForCS32                         0x000037e9   Thumb Code    98  uart.o(i.initUart0ForCS32)
    initUart1ForL76K                         0x00003859   Thumb Code    98  uart.o(i.initUart1ForL76K)
    init_l76k_gpio                           0x000038cd   Thumb Code    98  l76k.o(i.init_l76k_gpio)
    main                                     0x00003939   Thumb Code   366  main.o(i.main)
    readReg                                  0x00003ad9   Thumb Code    96  dfrobot_softeriic.o(i.readReg)
    sd3031Init                               0x00003b3d   Thumb Code    24  sd3031.o(i.sd3031Init)
    setAddr                                  0x00003b55   Thumb Code    10  dfrobot_softeriic.o(i.setAddr)
    setTime                                  0x00003b65   Thumb Code   232  sd3031.o(i.setTime)
    set_star_type                            0x00003c5d   Thumb Code   174  l76k.o(i.set_star_type)
    set_uart_baud                            0x00003d19   Thumb Code   174  l76k.o(i.set_uart_baud)
    uart0Send                                0x00003dd5   Thumb Code    18  uart.o(i.uart0Send)
    uart1Send                                0x00003ded   Thumb Code    18  uart.o(i.uart1Send)
    uartAnalysisTimerInit                    0x00003e05   Thumb Code   112  timer.o(i.uartAnalysisTimerInit)
    userSetHandle                            0x00003e8d   Thumb Code   240  main.o(i.userSetHandle)
    writeReg                                 0x00003fad   Thumb Code    60  dfrobot_softeriic.o(i.writeReg)
    daysInMonth                              0x00003fec   Data          12  sd3031.o(.constdata)
    __ctype_table                            0x000040f8   Data         129  ctype_o.o(.constdata)
    Region$$Table$$Base                      0x00004180   Number         0  anon$$obj.o(Region$$Table)
    Region$$Table$$Limit                     0x000041a0   Number         0  anon$$obj.o(Region$$Table)
    cs32TimerFlag                            0x20000002   Data           1  timer.o(.data)
    l76kTimerFlag                            0x20000003   Data           1  timer.o(.data)
    secTimerFlag                             0x20000004   Data           2  timer.o(.data)
    minTimerFlag                             0x20000006   Data           2  timer.o(.data)
    userSetFlag                              0x20000008   Data           1  i2cslave.o(.data)
    userSetCount                             0x20000009   Data           1  i2cslave.o(.data)
    userSetBeginReg                          0x2000000a   Data           1  i2cslave.o(.data)
    i2c1WrData                               0x2000000b   Data           1  i2cslave.o(.data)
    i2c1RdData                               0x2000000c   Data           1  i2cslave.o(.data)
    registerOffset                           0x2000000d   Data           1  i2cslave.o(.data)
    BeginTransmission                        0x2000000e   Data           1  i2cslave.o(.data)
    gps_offset                               0x20000010   Data           2  l76k.o(.data)
    _mode                                    0x20000012   Data           1  sd3031.o(.data)
    cs32RxCount                              0x20000014   Data           1  uart.o(.data)
    cs32HandleCount                          0x20000015   Data           1  uart.o(.data)
    l76kRxCount                              0x20000016   Data           2  uart.o(.data)
    uwTick                                   0x2000001c   Data           4  cs32l010_hal.o(.data)
    uwTickPrio                               0x20000020   Data           4  cs32l010_hal.o(.data)
    uwTickFreq                               0x20000024   Data           1  cs32l010_hal.o(.data)
    SystemCoreClock                          0x20000028   Data           4  system_cs32l010.o(.data)
    __stdout                                 0x2000002c   Data           4  stdout.o(.data)
    sBaseTimHandle                           0x20000034   Data          44  timer.o(.bss)
    i2cSlaveHandle                           0x20000060   Data          36  i2cslave.o(.bss)
    gngga_data                               0x20000088   Data         119  l76k.o(.bss)
    gnvtg_data                               0x200000ff   Data          73  l76k.o(.bss)
    gnzda_data                               0x20000148   Data          47  l76k.o(.bss)
    my_gps_data                              0x20000178   Data          64  l76k.o(.bss)
    my_utc_data                              0x200001b8   Data          15  l76k.o(.bss)
    p_data                                   0x200001c8   Data         120  l76k.o(.bss)
    ss_data                                  0x20000240   Data         450  l76k.o(.bss)
    ss_data_len                              0x20000402   Data          30  l76k.o(.bss)
    regBuf                                   0x20000420   Data         176  reg.o(.bss)
    huart0                                   0x200004d0   Data          52  uart.o(.bss)
    huart1                                   0x20000504   Data          52  uart.o(.bss)
    customHuart                              0x20000538   Data          52  uart.o(.bss)
    cs32Uart0Buffer                          0x2000056c   Data         128  uart.o(.bss)
    l76kUart1Buffer                          0x200005ec   Data        1324  uart.o(.bss)
    __initial_sp                             0x20000d18   Data           0  startup_cs32l010.o(STACK)



==============================================================================

Memory Map of the image

  Image Entry point : 0x000000c1

  Load Region LR_IROM1 (Base: 0x00000000, Size: 0x000041d4, Max: 0x00010000, ABSOLUTE)

    Execution Region ER_IROM1 (Exec base: 0x00000000, Load base: 0x00000000, Size: 0x000041a0, Max: 0x00010000, ABSOLUTE)

    Exec Addr    Load Addr    Size         Type   Attr      Idx    E Section Name        Object

    0x00000000   0x00000000   0x000000c0   Data   RO         4074    RESET               startup_cs32l010.o
    0x000000c0   0x000000c0   0x00000000   Code   RO         4115  * .ARM.Collect$$$$00000000  mc_p.l(entry.o)
    0x000000c0   0x000000c0   0x00000004   Code   RO         4411    .ARM.Collect$$$$00000001  mc_p.l(entry2.o)
    0x000000c4   0x000000c4   0x00000004   Code   RO         4414    .ARM.Collect$$$$00000004  mc_p.l(entry5.o)
    0x000000c8   0x000000c8   0x00000000   Code   RO         4416    .ARM.Collect$$$$00000008  mc_p.l(entry7b.o)
    0x000000c8   0x000000c8   0x00000000   Code   RO         4418    .ARM.Collect$$$$0000000A  mc_p.l(entry8b.o)
    0x000000c8   0x000000c8   0x00000008   Code   RO         4419    .ARM.Collect$$$$0000000B  mc_p.l(entry9a.o)
    0x000000d0   0x000000d0   0x00000000   Code   RO         4421    .ARM.Collect$$$$0000000D  mc_p.l(entry10a.o)
    0x000000d0   0x000000d0   0x00000000   Code   RO         4423    .ARM.Collect$$$$0000000F  mc_p.l(entry11a.o)
    0x000000d0   0x000000d0   0x00000004   Code   RO         4412    .ARM.Collect$$$$00002712  mc_p.l(entry2.o)
    0x000000d4   0x000000d4   0x0000001c   Code   RO         4075    .text               startup_cs32l010.o
    0x000000f0   0x000000f0   0x0000002c   Code   RO         4118    .text               mc_p.l(uidiv.o)
    0x0000011c   0x0000011c   0x00000028   Code   RO         4120    .text               mc_p.l(idiv.o)
    0x00000144   0x00000144   0x00000022   Code   RO         4122    .text               mc_p.l(llushr.o)
    0x00000166   0x00000166   0x00000024   Code   RO         4124    .text               mc_p.l(memcpya.o)
    0x0000018a   0x0000018a   0x00000024   Code   RO         4126    .text               mc_p.l(memseta.o)
    0x000001ae   0x000001ae   0x0000000e   Code   RO         4128    .text               mc_p.l(strlen.o)
    0x000001bc   0x000001bc   0x0000001e   Code   RO         4132    .text               mc_p.l(strncmp.o)
    0x000001da   0x000001da   0x0000001a   Code   RO         4397    .text               mc_p.l(atoi.o)
    0x000001f4   0x000001f4   0x00000164   Code   RO         4399    .text               mf_p.l(dadd.o)
    0x00000358   0x00000358   0x000000d0   Code   RO         4401    .text               mf_p.l(dmul.o)
    0x00000428   0x00000428   0x000000f0   Code   RO         4403    .text               mf_p.l(ddiv.o)
    0x00000518   0x00000518   0x0000001c   Code   RO         4405    .text               mf_p.l(dfltui.o)
    0x00000534   0x00000534   0x0000003c   Code   RO         4407    .text               mf_p.l(dfixui.o)
    0x00000570   0x00000570   0x00000038   Code   RO         4409    .text               mf_p.l(d2f.o)
    0x000005a8   0x000005a8   0x00000060   Code   RO         4426    .text               mc_p.l(uldiv.o)
    0x00000608   0x00000608   0x00000020   Code   RO         4428    .text               mc_p.l(llshl.o)
    0x00000628   0x00000628   0x00000026   Code   RO         4430    .text               mc_p.l(llsshr.o)
    0x0000064e   0x0000064e   0x00000002   PAD
    0x00000650   0x00000650   0x000000a4   Code   RO         4439    .text               mc_p.l(strtod.o)
    0x000006f4   0x000006f4   0x00000070   Code   RO         4441    .text               mc_p.l(strtol.o)
    0x00000764   0x00000764   0x00000000   Code   RO         4443    .text               mc_p.l(iusefp.o)
    0x00000764   0x00000764   0x00000082   Code   RO         4444    .text               mf_p.l(fepilogue.o)
    0x000007e6   0x000007e6   0x000000be   Code   RO         4446    .text               mf_p.l(depilogue.o)
    0x000008a4   0x000008a4   0x00000024   Code   RO         4454    .text               mc_p.l(init.o)
    0x000008c8   0x000008c8   0x00000008   Code   RO         4458    .text               mc_p.l(ctype_o.o)
    0x000008d0   0x000008d0   0x00000012   Code   RO         4480    .text               mc_p.l(isspace_o.o)
    0x000008e2   0x000008e2   0x00000002   PAD
    0x000008e4   0x000008e4   0x0000034c   Code   RO         4486    .text               mc_p.l(scanf_fp.o)
    0x00000c30   0x00000c30   0x00000044   Code   RO         4490    .text               mc_p.l(_sgetc.o)
    0x00000c74   0x00000c74   0x000000a6   Code   RO         4492    .text               mc_p.l(_strtoul.o)
    0x00000d1a   0x00000d1a   0x0000007a   Code   RO         4494    .text               mc_p.l(llmul.o)
    0x00000d94   0x00000d94   0x0000001e   Code   RO         4499    .text               mc_p.l(_chval.o)
    0x00000db2   0x00000db2   0x00000002   PAD
    0x00000db4   0x00000db4   0x0000001c   Code   RO         4501    .text               mf_p.l(dfltul.o)
    0x00000dd0   0x00000dd0   0x00000002   Code   RO          225    i.ADC_IRQHandler    cs32l010_it.o
    0x00000dd2   0x00000dd2   0x00000002   Code   RO          226    i.AWK_IRQHandler    cs32l010_it.o
    0x00000dd4   0x00000dd4   0x0000003e   Code   RO         1435    i.BASETIM_Base_SetConfig  cs32l010_hal_basetim.o
    0x00000e12   0x00000e12   0x00000002   Code   RO          227    i.CLKTRIM_IRQHandler  cs32l010_it.o
    0x00000e14   0x00000e14   0x00000020   Code   RO            3    i.Error_Handler     main.o
    0x00000e34   0x00000e34   0x00000002   Code   RO          228    i.FLASH_IRQHandler  cs32l010_it.o
    0x00000e36   0x00000e36   0x00000002   Code   RO          229    i.GPIOA_IRQHandler  cs32l010_it.o
    0x00000e38   0x00000e38   0x00000002   Code   RO          230    i.GPIOB_IRQHandler  cs32l010_it.o
    0x00000e3a   0x00000e3a   0x00000002   Code   RO          231    i.GPIOC_IRQHandler  cs32l010_it.o
    0x00000e3c   0x00000e3c   0x00000002   Code   RO          232    i.GPIOD_IRQHandler  cs32l010_it.o
    0x00000e3e   0x00000e3e   0x00000038   Code   RO         1437    i.HAL_BASETIM_Base_Init  cs32l010_hal_basetim.o
    0x00000e76   0x00000e76   0x00000002   Code   RO         1439    i.HAL_BASETIM_Base_MspInit  cs32l010_hal_basetim.o
    0x00000e78   0x00000e78   0x0000001e   Code   RO         1441    i.HAL_BASETIM_Base_Start_IT  cs32l010_hal_basetim.o
    0x00000e96   0x00000e96   0x00000038   Code   RO         1444    i.HAL_BASETIM_IRQHandler  cs32l010_hal_basetim.o
    0x00000ece   0x00000ece   0x00000002   PAD
    0x00000ed0   0x00000ed0   0x00000050   Code   RO          547    i.HAL_BASETIM_PeriodElapsedCallback  timer.o
    0x00000f20   0x00000f20   0x0000002c   Code   RO         1029    i.HAL_Delay         cs32l010_hal.o
    0x00000f4c   0x00000f4c   0x0000027c   Code   RO         1874    i.HAL_GPIO_Init     cs32l010_hal_gpio.o
    0x000011c8   0x000011c8   0x00000012   Code   RO         1875    i.HAL_GPIO_ReadPin  cs32l010_hal_gpio.o
    0x000011da   0x000011da   0x0000000c   Code   RO         1877    i.HAL_GPIO_WritePin  cs32l010_hal_gpio.o
    0x000011e6   0x000011e6   0x00000002   PAD
    0x000011e8   0x000011e8   0x0000000c   Code   RO         1033    i.HAL_GetTick       cs32l010_hal.o
    0x000011f4   0x000011f4   0x00000020   Code   RO         1927    i.HAL_I2C_ACK_Config  cs32l010_hal_i2c.o
    0x00001214   0x00001214   0x0000001e   Code   RO         1928    i.HAL_I2C_Check_Flag  cs32l010_hal_i2c.o
    0x00001232   0x00001232   0x0000000e   Code   RO         1929    i.HAL_I2C_Clear_Interrupt_Flag  cs32l010_hal_i2c.o
    0x00001240   0x00001240   0x0000000e   Code   RO         1931    i.HAL_I2C_Get_Interrupt_Flag  cs32l010_hal_i2c.o
    0x0000124e   0x0000124e   0x0000001a   Code   RO         1932    i.HAL_I2C_IRQHandler  cs32l010_hal_i2c.o
    0x00001268   0x00001268   0x000000f2   Code   RO         1933    i.HAL_I2C_Init      cs32l010_hal_i2c.o
    0x0000135a   0x0000135a   0x00000002   Code   RO         1934    i.HAL_I2C_MasterCallback  cs32l010_hal_i2c.o
    0x0000135c   0x0000135c   0x00000070   Code   RO          620    i.HAL_I2C_MspInit   i2cslave.o
    0x000013cc   0x000013cc   0x00000012   Code   RO         1942    i.HAL_I2C_Send_Byte  cs32l010_hal_i2c.o
    0x000013de   0x000013de   0x00000002   PAD
    0x000013e0   0x000013e0   0x00000164   Code   RO          621    i.HAL_I2C_SlaveCallback  i2cslave.o
    0x00001544   0x00001544   0x0000003a   Code   RO         1948    i.HAL_I2C_Wait_Flag  cs32l010_hal_i2c.o
    0x0000157e   0x0000157e   0x00000002   PAD
    0x00001580   0x00001580   0x00000018   Code   RO         1037    i.HAL_IncTick       cs32l010_hal.o
    0x00001598   0x00001598   0x00000010   Code   RO         1038    i.HAL_Init          cs32l010_hal.o
    0x000015a8   0x000015a8   0x00000054   Code   RO         1039    i.HAL_InitTick      cs32l010_hal.o
    0x000015fc   0x000015fc   0x00000002   Code   RO          205    i.HAL_MspInit       cs32l010_hal_msp.o
    0x000015fe   0x000015fe   0x00000002   PAD
    0x00001600   0x00001600   0x00000024   Code   RO         1632    i.HAL_NVIC_EnableIRQ  cs32l010_hal_cortex.o
    0x00001624   0x00001624   0x00000010   Code   RO         1636    i.HAL_NVIC_SetPriority  cs32l010_hal_cortex.o
    0x00001634   0x00001634   0x000001d8   Code   RO         2881    i.HAL_RCC_ClockConfig  cs32l010_hal_rcc.o
    0x0000180c   0x0000180c   0x0000000c   Code   RO         2884    i.HAL_RCC_GetHCLKFreq  cs32l010_hal_rcc.o
    0x00001818   0x00001818   0x00000028   Code   RO         2886    i.HAL_RCC_GetPCLKFreq  cs32l010_hal_rcc.o
    0x00001840   0x00001840   0x000000b4   Code   RO         2887    i.HAL_RCC_GetSysClockFreq  cs32l010_hal_rcc.o
    0x000018f4   0x000018f4   0x00000470   Code   RO         2889    i.HAL_RCC_OscConfig  cs32l010_hal_rcc.o
    0x00001d64   0x00001d64   0x00000038   Code   RO         1640    i.HAL_SYSTICK_Config  cs32l010_hal_cortex.o
    0x00001d9c   0x00001d9c   0x00000002   Code   RO         3800    i.HAL_UART_ErrorCallback  cs32l010_hal_uart.o
    0x00001d9e   0x00001d9e   0x000000a0   Code   RO         3803    i.HAL_UART_IRQHandler  cs32l010_hal_uart.o
    0x00001e3e   0x00001e3e   0x0000003e   Code   RO         3804    i.HAL_UART_Init     cs32l010_hal_uart.o
    0x00001e7c   0x00001e7c   0x000000a8   Code   RO          904    i.HAL_UART_MspInit  uart.o
    0x00001f24   0x00001f24   0x0000005c   Code   RO         3808    i.HAL_UART_Receive_IT  cs32l010_hal_uart.o
    0x00001f80   0x00001f80   0x000000ac   Code   RO          905    i.HAL_UART_RxCpltCallback  uart.o
    0x0000202c   0x0000202c   0x00000124   Code   RO         3810    i.HAL_UART_Transmit  cs32l010_hal_uart.o
    0x00002150   0x00002150   0x000000c8   Code   RO         3811    i.HAL_UART_Transmit_IT  cs32l010_hal_uart.o
    0x00002218   0x00002218   0x00000002   Code   RO         3812    i.HAL_UART_TxCpltCallback  cs32l010_hal_uart.o
    0x0000221a   0x0000221a   0x00000004   Code   RO          233    i.HardFault_Handler  cs32l010_it.o
    0x0000221e   0x0000221e   0x00000002   PAD
    0x00002220   0x00002220   0x00000010   Code   RO          234    i.I2C_IRQHandler    cs32l010_it.o
    0x00002230   0x00002230   0x0000004c   Code   RO          622    i.I2C_Init          i2cslave.o
    0x0000227c   0x0000227c   0x00000002   Code   RO          235    i.IWDG_IRQHandler   cs32l010_it.o
    0x0000227e   0x0000227e   0x00000002   Code   RO          236    i.LPTIM_IRQHandler  cs32l010_it.o
    0x00002280   0x00002280   0x00000002   Code   RO          237    i.LPUART_IRQHandler  cs32l010_it.o
    0x00002282   0x00002282   0x00000002   Code   RO          238    i.LVD_IRQHandler    cs32l010_it.o
    0x00002284   0x00002284   0x00000002   Code   RO          239    i.NMI_Handler       cs32l010_it.o
    0x00002286   0x00002286   0x00000002   Code   RO          240    i.OWIRE_IRQHandler  cs32l010_it.o
    0x00002288   0x00002288   0x00000002   Code   RO          241    i.PCA_IRQHandler    cs32l010_it.o
    0x0000228a   0x0000228a   0x00000002   Code   RO          242    i.PendSV_Handler    cs32l010_it.o
    0x0000228c   0x0000228c   0x0000002c   Code   RO         2890    i.RCC_Delay         cs32l010_hal_rcc.o
    0x000022b8   0x000022b8   0x00000002   Code   RO          243    i.RTC_IRQHandler    cs32l010_it.o
    0x000022ba   0x000022ba   0x00000002   PAD
    0x000022bc   0x000022bc   0x00000040   Code   RO          766    i.SD3031readReg     sd3031.o
    0x000022fc   0x000022fc   0x00000090   Code   RO          767    i.SD3031writeReg    sd3031.o
    0x0000238c   0x0000238c   0x00000014   Code   RO          423    i.SOFT_SCL_OUT      dfrobot_softeriic.o
    0x000023a0   0x000023a0   0x00000014   Code   RO          424    i.SOFT_SDA_IN       dfrobot_softeriic.o
    0x000023b4   0x000023b4   0x00000014   Code   RO          425    i.SOFT_SDA_OUT      dfrobot_softeriic.o
    0x000023c8   0x000023c8   0x00000002   Code   RO          244    i.SPI_IRQHandler    cs32l010_it.o
    0x000023ca   0x000023ca   0x00000002   Code   RO          245    i.SVC_Handler       cs32l010_it.o
    0x000023cc   0x000023cc   0x00000014   Code   RO          975    i.SerialSend        log.o
    0x000023e0   0x000023e0   0x0000003c   Code   RO          426    i.Soft_IIC_Ack      dfrobot_softeriic.o
    0x0000241c   0x0000241c   0x0000008a   Code   RO          427    i.Soft_IIC_Delay    dfrobot_softeriic.o
    0x000024a6   0x000024a6   0x00000002   PAD
    0x000024a8   0x000024a8   0x00000068   Code   RO          428    i.Soft_IIC_Init     dfrobot_softeriic.o
    0x00002510   0x00002510   0x0000003c   Code   RO          429    i.Soft_IIC_NAck     dfrobot_softeriic.o
    0x0000254c   0x0000254c   0x00000064   Code   RO          430    i.Soft_IIC_ReadByte  dfrobot_softeriic.o
    0x000025b0   0x000025b0   0x0000003c   Code   RO          431    i.Soft_IIC_Start    dfrobot_softeriic.o
    0x000025ec   0x000025ec   0x0000003c   Code   RO          432    i.Soft_IIC_Stop     dfrobot_softeriic.o
    0x00002628   0x00002628   0x00000054   Code   RO          433    i.Soft_IIC_Wait_Ack  dfrobot_softeriic.o
    0x0000267c   0x0000267c   0x0000005c   Code   RO          434    i.Soft_IIC_WriteByte  dfrobot_softeriic.o
    0x000026d8   0x000026d8   0x00000010   Code   RO          436    i.Soft_Read_SDA     dfrobot_softeriic.o
    0x000026e8   0x000026e8   0x00000008   Code   RO          246    i.SysTick_Handler   cs32l010_it.o
    0x000026f0   0x000026f0   0x00000054   Code   RO            4    i.SystemClock_Config  main.o
    0x00002744   0x00002744   0x00000040   Code   RO         4082    i.SystemInit        system_cs32l010.o
    0x00002784   0x00002784   0x00000002   Code   RO          247    i.TIM10_IRQHandler  cs32l010_it.o
    0x00002786   0x00002786   0x00000002   PAD
    0x00002788   0x00002788   0x00000010   Code   RO          248    i.TIM11_IRQHandler  cs32l010_it.o
    0x00002798   0x00002798   0x00000002   Code   RO          249    i.TIM1_IRQHandler   cs32l010_it.o
    0x0000279a   0x0000279a   0x00000002   Code   RO          250    i.TIM2_IRQHandler   cs32l010_it.o
    0x0000279c   0x0000279c   0x00000010   Code   RO          251    i.UART0_IRQHandler  cs32l010_it.o
    0x000027ac   0x000027ac   0x00000010   Code   RO          252    i.UART1_IRQHandler  cs32l010_it.o
    0x000027bc   0x000027bc   0x000000fc   Code   RO         3813    i.UART_Receive_IT   cs32l010_hal_uart.o
    0x000028b8   0x000028b8   0x00000046   Code   RO         3814    i.UART_SetConfig    cs32l010_hal_uart.o
    0x000028fe   0x000028fe   0x00000002   PAD
    0x00002900   0x00002900   0x000000b0   Code   RO         3816    i.UART_Transmit_IT  cs32l010_hal_uart.o
    0x000029b0   0x000029b0   0x00000062   Code   RO         3817    i.UART_WaitOnFlagUntilTimeout  cs32l010_hal_uart.o
    0x00002a12   0x00002a12   0x00000002   Code   RO          253    i.VC_IRQHandler     cs32l010_it.o
    0x00002a14   0x00002a14   0x00000002   Code   RO          254    i.WWDG_IRQHandler   cs32l010_it.o
    0x00002a16   0x00002a16   0x00000002   PAD
    0x00002a18   0x00002a18   0x00000020   Code   RO         4269    i.__0printf$5       mc_p.l(printf5.o)
    0x00002a38   0x00002a38   0x0000002e   Code   RO         4448    i.__ARM_clz         mf_p.l(depilogue.o)
    0x00002a66   0x00002a66   0x00000002   PAD
    0x00002a68   0x00002a68   0x00000078   Code   RO         1642    i.__NVIC_SetPriority  cs32l010_hal_cortex.o
    0x00002ae0   0x00002ae0   0x00000008   Code   RO         4432    i.__aeabi_errno_addr  mc_p.l(errno.o)
    0x00002ae8   0x00002ae8   0x0000000c   Code   RO         4433    i.__read_errno      mc_p.l(errno.o)
    0x00002af4   0x00002af4   0x0000000e   Code   RO         4505    i.__scatterload_copy  mc_p.l(handlers.o)
    0x00002b02   0x00002b02   0x00000002   Code   RO         4506    i.__scatterload_null  mc_p.l(handlers.o)
    0x00002b04   0x00002b04   0x0000000e   Code   RO         4507    i.__scatterload_zeroinit  mc_p.l(handlers.o)
    0x00002b12   0x00002b12   0x00000002   PAD
    0x00002b14   0x00002b14   0x0000000c   Code   RO         4434    i.__set_errno       mc_p.l(errno.o)
    0x00002b20   0x00002b20   0x0000000e   Code   RO         4488    i._is_digit         mc_p.l(scanf_fp.o)
    0x00002b2e   0x00002b2e   0x00000002   PAD
    0x00002b30   0x00002b30   0x000002dc   Code   RO         4276    i._printf_core      mc_p.l(printf5.o)
    0x00002e0c   0x00002e0c   0x000007d0   Code   RO          665    i.anaysis_gps_data  l76k.o
    0x000035dc   0x000035dc   0x000000e8   Code   RO          906    i.annysis_uart0_command  uart.o
    0x000036c4   0x000036c4   0x0000002a   Code   RO         4112    i.atof              m_ps.l(atof.o)
    0x000036ee   0x000036ee   0x00000016   Code   RO          769    i.bin2bcd           sd3031.o
    0x00003704   0x00003704   0x00000060   Code   RO          773    i.date2days         sd3031.o
    0x00003764   0x00003764   0x00000014   Code   RO          666    i.disable_gnss_power  l76k.o
    0x00003778   0x00003778   0x00000014   Code   RO          667    i.enable_gnss_power  l76k.o
    0x0000378c   0x0000378c   0x00000010   Code   RO          976    i.fputc             log.o
    0x0000379c   0x0000379c   0x00000022   Code   RO          668    i.hex_to_ascll_str  l76k.o
    0x000037be   0x000037be   0x00000002   PAD
    0x000037c0   0x000037c0   0x00000028   Code   RO          740    i.initRegBuf        reg.o
    0x000037e8   0x000037e8   0x00000070   Code   RO          907    i.initUart0ForCS32  uart.o
    0x00003858   0x00003858   0x00000074   Code   RO          908    i.initUart1ForL76K  uart.o
    0x000038cc   0x000038cc   0x0000006c   Code   RO          669    i.init_l76k_gpio    l76k.o
    0x00003938   0x00003938   0x000001a0   Code   RO            5    i.main              main.o
    0x00003ad8   0x00003ad8   0x00000064   Code   RO          437    i.readReg           dfrobot_softeriic.o
    0x00003b3c   0x00003b3c   0x00000018   Code   RO          780    i.sd3031Init        sd3031.o
    0x00003b54   0x00003b54   0x00000010   Code   RO          439    i.setAddr           dfrobot_softeriic.o
    0x00003b64   0x00003b64   0x000000f8   Code   RO          784    i.setTime           sd3031.o
    0x00003c5c   0x00003c5c   0x000000bc   Code   RO          672    i.set_star_type     l76k.o
    0x00003d18   0x00003d18   0x000000bc   Code   RO          673    i.set_uart_baud     l76k.o
    0x00003dd4   0x00003dd4   0x00000018   Code   RO          909    i.uart0Send         uart.o
    0x00003dec   0x00003dec   0x00000018   Code   RO          910    i.uart1Send         uart.o
    0x00003e04   0x00003e04   0x00000088   Code   RO          548    i.uartAnalysisTimerInit  timer.o
    0x00003e8c   0x00003e8c   0x00000120   Code   RO            7    i.userSetHandle     main.o
    0x00003fac   0x00003fac   0x00000040   Code   RO          440    i.writeReg          dfrobot_softeriic.o
    0x00003fec   0x00003fec   0x0000000c   Data   RO          786    .constdata          sd3031.o
    0x00003ff8   0x00003ff8   0x00000100   Data   RO         3818    .constdata          cs32l010_hal_uart.o
    0x000040f8   0x000040f8   0x00000081   Data   RO         4459    .constdata          mc_p.l(ctype_o.o)
    0x00004179   0x00004179   0x00000003   PAD
    0x0000417c   0x0000417c   0x00000004   Data   RO         4460    .constdata          mc_p.l(ctype_o.o)
    0x00004180   0x00004180   0x00000020   Data   RO         4503    Region$$Table       anon$$obj.o


    Execution Region RW_IRAM1 (Exec base: 0x20000000, Load base: 0x000041a0, Size: 0x00000d18, Max: 0x00001000, ABSOLUTE)

    Exec Addr    Load Addr    Size         Type   Attr      Idx    E Section Name        Object

    0x20000000   0x000041a0   0x00000001   Data   RW          441    .data               dfrobot_softeriic.o
    0x20000001   0x000041a1   0x00000001   PAD
    0x20000002   0x000041a2   0x00000006   Data   RW          550    .data               timer.o
    0x20000008   0x000041a8   0x00000007   Data   RW          625    .data               i2cslave.o
    0x2000000f   0x000041af   0x00000001   PAD
    0x20000010   0x000041b0   0x00000002   Data   RW          675    .data               l76k.o
    0x20000012   0x000041b2   0x00000001   Data   RW          787    .data               sd3031.o
    0x20000013   0x000041b3   0x00000001   PAD
    0x20000014   0x000041b4   0x00000006   Data   RW          912    .data               uart.o
    0x2000001a   0x000041ba   0x00000002   PAD
    0x2000001c   0x000041bc   0x00000009   Data   RW         1045    .data               cs32l010_hal.o
    0x20000025   0x000041c5   0x00000003   PAD
    0x20000028   0x000041c8   0x00000004   Data   RW         4083    .data               system_cs32l010.o
    0x2000002c   0x000041cc   0x00000004   Data   RW         4425    .data               mc_p.l(stdout.o)
    0x20000030   0x000041d0   0x00000004   Data   RW         4435    .data               mc_p.l(errno.o)
    0x20000034        -       0x0000002c   Zero   RW          549    .bss                timer.o
    0x20000060        -       0x00000024   Zero   RW          624    .bss                i2cslave.o
    0x20000084   0x000041d4   0x00000004   PAD
    0x20000088        -       0x00000398   Zero   RW          674    .bss                l76k.o
    0x20000420        -       0x000000b0   Zero   RW          741    .bss                reg.o
    0x200004d0        -       0x00000648   Zero   RW          911    .bss                uart.o
    0x20000b18        -       0x00000200   Zero   RW         4072    STACK               startup_cs32l010.o


==============================================================================

Image component sizes


      Code (inc. data)   RO Data    RW Data    ZI Data      Debug   Object Name

       180         34          0          9          0       6785   cs32l010_hal.o
       206          0          0          0          0       3396   cs32l010_hal_basetim.o
       228         26          0          0          0      10497   cs32l010_hal_cortex.o
       666          0          0          0          0       2703   cs32l010_hal_gpio.o
       436          0          0          0          0       6151   cs32l010_hal_i2c.o
         2          0          0          0          0        422   cs32l010_hal_msp.o
      1884        108          0          0          0       5132   cs32l010_hal_rcc.o
      1406         22        256          0          0       8495   cs32l010_hal_uart.o
       124         24          0          0          0      12812   cs32l010_it.o
      1014         78          0          1          0       9453   dfrobot_softeriic.o
       544         62          0          7         36       2710   i2cslave.o
      2558        158          0          2        920       7413   l76k.o
        36          4          0          0          0        944   log.o
       820        124          0          0          0     146760   main.o
        40          4          0          0        176        942   reg.o
       598         80         12          1          0       4366   sd3031.o
        28          8        192          0        512        640   startup_cs32l010.o
        64         16          0          4          0        747   system_cs32l010.o
       216         46          0          6         44       1767   timer.o
       848        130          0          6       1608       5027   uart.o

    ----------------------------------------------------------------------
     11922        924        492         44       3300     237162   Object Totals
         0          0         32          0          0          0   (incl. Generated)
        24          0          0          8          4          0   (incl. Padding)

    ----------------------------------------------------------------------

      Code (inc. data)   RO Data    RW Data    ZI Data      Debug   Library Member Name

        42          0          0          0          0         76   atof.o
        30          0          0          0          0         60   _chval.o
        68          0          0          0          0         76   _sgetc.o
       166          0          0          0          0         84   _strtoul.o
        26          0          0          0          0         72   atoi.o
         8          4        133          0          0         60   ctype_o.o
         0          0          0          0          0          0   entry.o
         0          0          0          0          0          0   entry10a.o
         0          0          0          0          0          0   entry11a.o
         8          4          0          0          0          0   entry2.o
         4          0          0          0          0          0   entry5.o
         0          0          0          0          0          0   entry7b.o
         0          0          0          0          0          0   entry8b.o
         8          4          0          0          0          0   entry9a.o
        32         16          0          4          0        180   errno.o
        30          0          0          0          0          0   handlers.o
        40          0          0          0          0         72   idiv.o
        36          8          0          0          0         68   init.o
        18          0          0          0          0         68   isspace_o.o
         0          0          0          0          0          0   iusefp.o
       122          0          0          0          0         84   llmul.o
        32          0          0          0          0         68   llshl.o
        38          0          0          0          0         68   llsshr.o
        34          0          0          0          0         68   llushr.o
        36          0          0          0          0         60   memcpya.o
        36          0          0          0          0        100   memseta.o
       764         52          0          0          0        168   printf5.o
       858         12          0          0          0        184   scanf_fp.o
         0          0          0          4          0          0   stdout.o
        14          0          0          0          0         60   strlen.o
        30          0          0          0          0         72   strncmp.o
       164         18          0          0          0        120   strtod.o
       112          4          0          0          0         76   strtol.o
        44          0          0          0          0         72   uidiv.o
        96          0          0          0          0         84   uldiv.o
        56          0          0          0          0         68   d2f.o
       356          4          0          0          0        140   dadd.o
       240          6          0          0          0         84   ddiv.o
       236          0          0          0          0        216   depilogue.o
        60         10          0          0          0         68   dfixui.o
        28          4          0          0          0         68   dfltui.o
        28          6          0          0          0         68   dfltul.o
       208          6          0          0          0         88   dmul.o
       130          0          0          0          0        144   fepilogue.o

    ----------------------------------------------------------------------
      4250        158        136          8          0       3044   Library Totals
        12          0          3          0          0          0   (incl. Padding)

    ----------------------------------------------------------------------

      Code (inc. data)   RO Data    RW Data    ZI Data      Debug   Library Name

        42          0          0          0          0         76   m_ps.l
      2854        122        133          8          0       2024   mc_p.l
      1342         36          0          0          0        944   mf_p.l

    ----------------------------------------------------------------------
      4250        158        136          8          0       3044   Library Totals

    ----------------------------------------------------------------------

==============================================================================


      Code (inc. data)   RO Data    RW Data    ZI Data      Debug   

     16172       1082        628         52       3300     233626   Grand Totals
     16172       1082        628         52       3300     233626   ELF Image Totals
     16172       1082        628         52          0          0   ROM Totals

==============================================================================

    Total RO  Size (Code + RO Data)                16800 (  16.41kB)
    Total RW  Size (RW Data + ZI Data)              3352 (   3.27kB)
    Total ROM Size (Code + RO Data + RW Data)      16852 (  16.46kB)

==============================================================================

